Archive member included to satisfy reference by file (symbol)

/opt/devkitpro/wups/lib/libwups.a(button_combo.o)
                              main.o (WUPSButtonComboAPI_InitInternal)
/opt/devkitpro/wups/lib/libwups.a(config_api.o)
                              main.o (WUPSConfigAPI_InitLibrary_Internal)
/opt/devkitpro/wups/lib/libwups.a(main.o)
                              (__wups_start)
/opt/devkitpro/wups/lib/libwups.a(wups_reent.o)
                              main.o (WUPSReentAPI_InitInternal)
/opt/devkitpro/wut/lib/libwut.a(coreinit.o)
                              main.o (OSCreateThread)
/opt/devkitpro/wut/lib/libwut.a(nn_act.o)
                              main.o (Finalize__Q2_2nn3actFv)
/opt/devkitpro/wut/lib/libwut.a(nsysnet.o)
                              main.o (htonl)
/opt/devkitpro/wut/lib/libwut.a(wut_newlib.o)
                              main.o (__init_wut_newlib)
/opt/devkitpro/wut/lib/libwut.a(wut_reent.o)
                              /opt/devkitpro/wut/lib/libwut.a(wut_newlib.o) (__wut_getreent)
/opt/devkitpro/wut/lib/libwut.a(wut_sbrk.o)
                              /opt/devkitpro/wut/lib/libwut.a(wut_newlib.o) (__wut_sbrk_r)
/opt/devkitpro/wut/lib/libwut.a(wut_thread.o)
                              main.o (__init_wut_thread)
/opt/devkitpro/wut/lib/libwut.a(wut_thread_specific.o)
                              /opt/devkitpro/wut/lib/libwut.a(wut_reent.o) (wut_set_thread_specific)
/opt/devkitpro/wut/lib/libwut.a(wut_malloc.o)
                              main.o (__init_wut_malloc)
/opt/devkitpro/wut/lib/libwut.a(connect.o)
                              main.o (connect)
/opt/devkitpro/wut/lib/libwut.a(recv.o)
                              main.o (recv)
/opt/devkitpro/wut/lib/libwut.a(send.o)
                              main.o (send)
/opt/devkitpro/wut/lib/libwut.a(socket.o)
                              main.o (socket)
/opt/devkitpro/wut/lib/libwut.a(wut_socket_common.o)
                              /opt/devkitpro/wut/lib/libwut.a(connect.o) (__wut_get_nsysnet_fd)
/opt/devkitpro/wut/lib/libwut.a(wut_socket_open.o)
                              /opt/devkitpro/wut/lib/libwut.a(wut_socket_common.o) (__wut_socket_open)
/opt/devkitpro/wut/lib/libwut.a(wut_socket_read.o)
                              /opt/devkitpro/wut/lib/libwut.a(wut_socket_common.o) (__wut_socket_read)
/opt/devkitpro/wut/lib/libwut.a(wut_socket_write.o)
                              /opt/devkitpro/wut/lib/libwut.a(wut_socket_common.o) (__wut_socket_write)
/opt/devkitpro/wut/lib/libwut.a(devoptab_fsa.o)
                              main.o (__init_wut_devoptab)
/opt/devkitpro/wut/lib/libwut.a(devoptab_fsa_dirclose.o)
                              /opt/devkitpro/wut/lib/libwut.a(devoptab_fsa.o) (__wut_fsa_dirclose)
/opt/devkitpro/wut/lib/libwut.a(devoptab_fsa_dirnext.o)
                              /opt/devkitpro/wut/lib/libwut.a(devoptab_fsa.o) (__wut_fsa_dirnext)
/opt/devkitpro/wut/lib/libwut.a(devoptab_fsa_diropen.o)
                              /opt/devkitpro/wut/lib/libwut.a(devoptab_fsa.o) (__wut_fsa_diropen)
/opt/devkitpro/wut/lib/libwut.a(devoptab_fsa_dirreset.o)
                              /opt/devkitpro/wut/lib/libwut.a(devoptab_fsa.o) (__wut_fsa_dirreset)
/opt/devkitpro/wut/lib/libwut.a(devoptab_fsa_fstat.o)
                              /opt/devkitpro/wut/lib/libwut.a(devoptab_fsa.o) (__wut_fsa_fstat)
/opt/devkitpro/wut/lib/libwut.a(devoptab_fsa_fsync.o)
                              /opt/devkitpro/wut/lib/libwut.a(devoptab_fsa.o) (__wut_fsa_fsync)
/opt/devkitpro/wut/lib/libwut.a(devoptab_fsa_mkdir.o)
                              /opt/devkitpro/wut/lib/libwut.a(devoptab_fsa.o) (__wut_fsa_mkdir)
/opt/devkitpro/wut/lib/libwut.a(devoptab_fsa_open.o)
                              /opt/devkitpro/wut/lib/libwut.a(devoptab_fsa.o) (__wut_fsa_open)
/opt/devkitpro/wut/lib/libwut.a(devoptab_fsa_read.o)
                              /opt/devkitpro/wut/lib/libwut.a(devoptab_fsa.o) (__wut_fsa_read)
/opt/devkitpro/wut/lib/libwut.a(devoptab_fsa_rename.o)
                              /opt/devkitpro/wut/lib/libwut.a(devoptab_fsa.o) (__wut_fsa_rename)
/opt/devkitpro/wut/lib/libwut.a(devoptab_fsa_rmdir.o)
                              /opt/devkitpro/wut/lib/libwut.a(devoptab_fsa.o) (__wut_fsa_rmdir)
/opt/devkitpro/wut/lib/libwut.a(devoptab_fsa_seek.o)
                              /opt/devkitpro/wut/lib/libwut.a(devoptab_fsa.o) (__wut_fsa_seek)
/opt/devkitpro/wut/lib/libwut.a(devoptab_fsa_stat.o)
                              /opt/devkitpro/wut/lib/libwut.a(devoptab_fsa.o) (__wut_fsa_stat)
/opt/devkitpro/wut/lib/libwut.a(devoptab_fsa_statvfs.o)
                              /opt/devkitpro/wut/lib/libwut.a(devoptab_fsa.o) (__wut_fsa_statvfs)
/opt/devkitpro/wut/lib/libwut.a(devoptab_fsa_truncate.o)
                              /opt/devkitpro/wut/lib/libwut.a(devoptab_fsa.o) (__wut_fsa_ftruncate)
/opt/devkitpro/wut/lib/libwut.a(devoptab_fsa_unlink.o)
[...]
Memory Configuration

Name             Origin             Length             Attributes
codemem          0x02000000         0x0e000000         xrw
datamem          0x10000000         0x32000000         rw
loadmem          0xc0000000         0x08000000         xrw
*default*        0x00000000         0xffffffff

Linker script and memory map

                0x02000000                        . = ORIGIN (codemem)

.syscall
 *(.syscall .syscall.*)

.text           0x02000000     0xe5e4
 *(.crt0)
 *(SORT_NONE(.init))
 .init          0x02000000        0xc /opt/devkitpro/devkitPPC/lib/gcc/powerpc-eabi/16.1.0/ecrti.o
                0x02000000                __init
 .init          0x0200000c        0x4 /opt/devkitpro/devkitPPC/lib/gcc/powerpc-eabi/16.1.0/crtbegin.o
 .init          0x02000010        0x4 /opt/devkitpro/devkitPPC/lib/gcc/powerpc-eabi/16.1.0/crtend.o
 .init          0x02000014       0x10 /opt/devkitpro/devkitPPC/lib/gcc/powerpc-eabi/16.1.0/ecrtn.o
 *(.text.unlikely .text.*_unlikely .text.unlikely.*)
 *(.text.exit .text.exit.*)
 *(.text.startup .text.startup.*)
 *(.text.hot .text.hot.*)
 *(SORT_BY_NAME(.text.sorted.*))
 *(.text .stub .text.* .gnu.linkonce.t.*)
 .text.__do_global_dtors_aux
                0x02000024       0xcc /opt/devkitpro/devkitPPC/lib/gcc/powerpc-eabi/16.1.0/crtbegin.o
 .text.frame_dummy
                0x020000f0       0x24 /opt/devkitpro/devkitPPC/lib/gcc/powerpc-eabi/16.1.0/crtbegin.o
 .text._Z18on_init_wut_stdcppv
                0x02000114        0x4 main.o
                0x02000114                on_init_wut_stdcpp()
 .text._Z18on_init_wut_mallocv
                0x02000118        0x4 main.o
                0x02000118                on_init_wut_malloc()
 .text._Z18on_fini_wut_mallocv
                0x0200011c        0x4 main.o
                0x0200011c                on_fini_wut_malloc()
 .text._Z19on_init_wut_socketsv
                0x02000120       0x14 main.o
                0x02000120                on_init_wut_sockets()
 .text._Z19on_fini_wut_socketsv
                0x02000134       0x14 main.o
                0x02000134                on_fini_wut_sockets()
 .text._Z18on_init_wut_newlibv
                0x02000148        0x4 main.o
                0x02000148                on_init_wut_newlib()
 .text._Z18on_fini_wut_newlibv
                0x0200014c        0x4 main.o
                0x0200014c                on_fini_wut_newlib()
 .text._Z18on_init_wut_threadv
                0x02000150        0x4 main.o
                0x02000150                on_init_wut_thread()
 .text._Z14__init_wrapperv
                0x02000154       0x50 main.o
                                 0x40 (size before relaxing)
                0x02000154                __init_wrapper()
 .text._Z14__fini_wrapperv
                0x020001a4        0x4 main.o
                0x020001a4                __fini_wrapper()
 .text._Z26wups_init_config_functions30wups_loader_init_config_args_t
                0x020001a8       0x38 main.o
                0x020001a8                wups_init_config_functions(wups_loader_init_config_args_t)
 .text._Z32wups_init_button_combo_functions37wups_loader_init_button_combo_args_t_
                0x020001e0       0x34 main.o
                0x020001e0                wups_init_button_combo_functions(wups_loader_init_button_combo_args_t_)
 .text._Z25wups_init_reent_functions30wups_loader_init_reent_args_t_
                0x02000214       0x40 main.o
                0x02000214                wups_init_reent_functions(wups_loader_init_reent_args_t_)
 .text._Z20on_init_wut_devoptabv
                0x02000254        0x4 main.o
                0x02000254                on_init_wut_devoptab()
 .text._Z20on_fini_wut_devoptabv
                0x02000258        0x4 main.o
                0x02000258                on_fini_wut_devoptab()
 .text._ZL12HttpPostJsonPKcS0_
                0x0200025c      0x1b4 main.o
                                0x194 (size before relaxing)
 .text._ZL11ReportStagePKci
                0x02000410       0x80 main.o
 .text._Z15on_app_startingv
                0x02000490      0x198 main.o
                                0x158 (size before relaxing)
                0x02000490                on_app_starting()
 .text._ZL16WorkerThreadMainiPPKc
                0x02000628      0x418 main.o
                                0x388 (size before relaxing)
 .text._Z18on_fini_wut_stdcppv
                0x02000a40        0x4 main.o
                0x02000a40                on_fini_wut_stdcpp()
 .text.WUPSButtonComboAPI_InitInternal
                0x02000a44       0xc4 /opt/devkitpro/wups/lib/libwups.a(button_combo.o)
                0x02000a44                WUPSButtonComboAPI_InitInternal
 .text.WUPSConfigAPI_GetVersion
                0x02000b08       0xd4 /opt/devkitpro/wups/lib/libwups.a(config_api.o)
                                 0xb4 (size before relaxing)
                0x02000b08                WUPSConfigAPI_GetVersion
 .text.WUPSConfigAPI_InitLibrary_Internal
                0x02000bdc      0x240 /opt/devkitpro/wups/lib/libwups.a(config_api.o)
                                0x220 (size before relaxing)
                0x02000bdc                WUPSConfigAPI_InitLibrary_Internal
 .text.__wups_start
                0x02000e1c       0x1c /opt/devkitpro/wups/lib/libwups.a(main.o)
                                  0xc (size before relaxing)
                0x02000e1c                __wups_start
 .text.__init_wut_socket
                0x02000e38       0x70 /opt/devkitpro/wups/lib/libwups.a(main.o)
                                 0x60 (size before relaxing)
                0x02000e38                __init_wut_socket
 .text.__fini_wut_socket
                0x02000ea8       0x5c /opt/devkitpro/wups/lib/libwups.a(main.o)
                0x02000ea8                __fini_wut_socket
 .text.__getreent
                0x02000f04        0x4 /opt/devkitpro/wups/lib/libwups.a(main.o)
                0x02000f04                __getreent
 .text.wut_get_thread_specific
                0x02000f08       0x7c /opt/devkitpro/wups/lib/libwups.a(main.o)
                                 0x5c (size before relaxing)
                0x02000f08                wut_get_thread_specific
 .text.__assert_func
                0x02000f84      0x144 /opt/devkitpro/wups/lib/libwups.a(main.o)
                                0x134 (size before relaxing)
                0x02000f84                __assert_func
 .text._ZL24reclaim_reent_trampolinePv
                0x020010c8       0x4c /opt/devkitpro/wups/lib/libwups.a(wups_reent.o)
 .text.WUPSReentAPI_InitInternal
                0x02001114       0x44 /opt/devkitpro/wups/lib/libwups.a(wups_reent.o)
                                 0x34 (size before relaxing)
                0x02001114                WUPSReentAPI_InitInternal
 .text._Z15__wups_getreentv
                0x02001158      0x1c4 /opt/devkitpro/wups/lib/libwups.a(wups_reent.o)
                                0x1a4 (size before relaxing)
                0x02001158                __wups_getreent()
 .text.__init_wut_newlib
                0x0200131c       0x14 /opt/devkitpro/wut/lib/libwut.a(wut_newlib.o)
                0x0200131c                __init_wut_newlib
 .text.__fini_wut_newlib
                0x02001330        0x4 /opt/devkitpro/wut/lib/libwut.a(wut_newlib.o)
                0x02001330                __fini_wut_newlib
 .text.__fini_wut_sbrk_heap
                0x02001334       0x88 /opt/devkitpro/wut/lib/libwut.a(wut_sbrk.o)
                                 0x78 (size before relaxing)
                0x02001334                __fini_wut_sbrk_heap
 .text.__init_wut_thread
                0x020013bc       0x40 /opt/devkitpro/wut/lib/libwut.a(wut_thread.o)
                                 0x30 (size before relaxing)
                0x020013bc                __init_wut_thread
 .text.__syscall_lock_acquire
                0x020013fc       0xec /opt/devkitpro/wut/lib/libwut.a(wut_thread.o)
                                 0xac (size before relaxing)
                0x020013fc                __syscall_lock_acquire
 .text.__syscall_lock_release
                0x020014e8       0xec /opt/devkitpro/wut/lib/libwut.a(wut_thread.o)
                                 0xac (size before relaxing)
                0x020014e8                __syscall_lock_release
 .text.__init_wut_malloc
                0x020015d4        0x4 /opt/devkitpro/wut/lib/libwut.a(wut_malloc.o)
                0x020015d4                __init_wut_malloc
 .text.__fini_wut_malloc
                0x020015d8        0x4 /opt/devkitpro/wut/lib/libwut.a(wut_malloc.o)
                0x020015d8                __fini_wut_malloc
 .text._malloc_r
                0x020015dc       0x6c /opt/devkitpro/wut/lib/libwut.a(wut_malloc.o)
                0x020015dc                _malloc_r
 .text._free_r  0x02001648       0x18 /opt/devkitpro/wut/lib/libwut.a(wut_malloc.o)
                0x02001648                _free_r
 .text._realloc_r
                0x02001660       0xf0 /opt/devkitpro/wut/lib/libwut.a(wut_malloc.o)
                                 0xe0 (size before relaxing)
                0x02001660                _realloc_r
 .text._calloc_r
                0x02001750       0x9c /opt/devkitpro/wut/lib/libwut.a(wut_malloc.o)
                0x02001750                _calloc_r
 .text._memalign_r
                0x020017ec       0x70 /opt/devkitpro/wut/lib/libwut.a(wut_malloc.o)
                0x020017ec                _memalign_r
 .text.connect  0x0200185c       0x7c /opt/devkitpro/wut/lib/libwut.a(connect.o)
                                 0x6c (size before relaxing)
                0x0200185c                connect
 .text.recv     0x020018d8       0x90 /opt/devkitpro/wut/lib/libwut.a(recv.o)
                                 0x80 (size before relaxing)
                0x020018d8                recv
 .text.send     0x02001968       0x90 /opt/devkitpro/wut/lib/libwut.a(send.o)
                                 0x80 (size before relaxing)
                0x02001968                send
 .text.socket   0x020019f8       0xe0 /opt/devkitpro/wut/lib/libwut.a(socket.o)
                                 0xd0 (size before relaxing)
                0x020019f8                socket
 .text.__wut_socket_init_devoptab
                0x02001ad8        0xc /opt/devkitpro/wut/lib/libwut.a(wut_socket_common.o)
                0x02001ad8                __wut_socket_init_devoptab
 .text.__wut_socket_fini_devoptab
                0x02001ae4        0xc /opt/devkitpro/wut/lib/libwut.a(wut_socket_common.o)
                0x02001ae4                __wut_socket_fini_devoptab
 .text.__wut_get_nsysnet_fd
                0x02001af0       0x8c /opt/devkitpro/wut/lib/libwut.a(wut_socket_common.o)
                0x02001af0                __wut_get_nsysnet_fd
 .text.__wut_get_nsysnet_result
                0x02001b7c       0x90 /opt/devkitpro/wut/lib/libwut.a(wut_socket_common.o)
                                 0x80 (size before relaxing)
                0x02001b7c                __wut_get_nsysnet_result
 .text.__wut_socket_open
                0x02001c0c       0x10 /opt/devkitpro/wut/lib/libwut.a(wut_socket_open.o)
                0x02001c0c                __wut_socket_open
 .text.__wut_socket_read
                0x02001c1c       0x58 /opt/devkitpro/wut/lib/libwut.a(wut_socket_read.o)
                                 0x48 (size before relaxing)
                0x02001c1c                __wut_socket_read
 .text.__wut_socket_write
                0x02001c74       0x58 /opt/devkitpro/wut/lib/libwut.a(wut_socket_write.o)
                                 0x48 (size before relaxing)
                0x02001c74                __wut_socket_write
 .text.__init_wut_devoptab
                0x02001ccc      0x20c /opt/devkitpro/wut/lib/libwut.a(devoptab_fsa.o)
                                0x1bc (size before relaxing)
                0x02001ccc                __init_wut_devoptab
 .text.__fini_wut_devoptab
                0x02001ed8       0xac /opt/devkitpro/wut/lib/libwut.a(devoptab_fsa.o)
                                 0x8c (size before relaxing)
                0x02001ed8                __fini_wut_devoptab
 .text.__wut_fsa_dirclose
                0x02001f84       0xd0 /opt/devkitpro/wut/lib/libwut.a(devoptab_fsa_dirclose.o)
                                 0xa0 (size before relaxing)
                0x02001f84                __wut_fsa_dirclose
 .text.__wut_fsa_dirnext
                0x02002054      0x1dc /opt/devkitpro/wut/lib/libwut.a(devoptab_fsa_dirnext.o)
                                0x1ac (size before relaxing)
                0x02002054                __wut_fsa_dirnext
 .text.__wut_fsa_diropen
                0x02002230      0x1bc /opt/devkitpro/wut/lib/libwut.a(devoptab_fsa_diropen.o)
                                0x17c (size before relaxing)
                0x02002230                __wut_fsa_diropen
 .text.__wut_fsa_dirreset
                0x020023ec       0xd0 /opt/devkitpro/wut/lib/libwut.a(devoptab_fsa_dirreset.o)
                                 0xa0 (size before relaxing)
                0x020023ec                __wut_fsa_dirreset
 .text.__wut_fsa_fstat
                0x020024bc      0x104 /opt/devkitpro/wut/lib/libwut.a(devoptab_fsa_fstat.o)
                                 0xd4 (size before relaxing)
                0x020024bc                __wut_fsa_fstat
 .text.__wut_fsa_fsync
                0x020025c0       0xcc /opt/devkitpro/wut/lib/libwut.a(devoptab_fsa_fsync.o)
                                 0x9c (size before relaxing)
                0x020025c0                __wut_fsa_fsync
 .text.__wut_fsa_mkdir
                0x0200268c       0xf0 /opt/devkitpro/wut/lib/libwut.a(devoptab_fsa_mkdir.o)
                                 0xe0 (size before relaxing)
                0x0200268c                __wut_fsa_mkdir
 .text.__wut_fsa_open
                0x0200277c      0x53c /opt/devkitpro/wut/lib/libwut.a(devoptab_fsa_open.o)
                                0x4cc (size before relaxing)
                0x0200277c                __wut_fsa_open
 .text.__wut_fsa_read
                0x02002cb8      0x1ec /opt/devkitpro/wut/lib/libwut.a(devoptab_fsa_read.o)
                                0x1bc (size before relaxing)
                0x02002cb8                __wut_fsa_read
 .text.__wut_fsa_rename
                0x02002ea4      0x124 /opt/devkitpro/wut/lib/libwut.a(devoptab_fsa_rename.o)
                                0x114 (size before relaxing)
                0x02002ea4                __wut_fsa_rename
 .text.__wut_fsa_rmdir
                0x02002fc8       0xd4 /opt/devkitpro/wut/lib/libwut.a(devoptab_fsa_rmdir.o)
                                 0xc4 (size before relaxing)
                0x02002fc8                __wut_fsa_rmdir
 .text.__wut_fsa_seek
                0x0200309c      0x1c8 /opt/devkitpro/wut/lib/libwut.a(devoptab_fsa_seek.o)
                                0x188 (size before relaxing)
                0x0200309c                __wut_fsa_seek
 .text.__wut_fsa_stat
                0x02003264      0x128 /opt/devkitpro/wut/lib/libwut.a(devoptab_fsa_stat.o)
                                0x118 (size before relaxing)
                0x02003264                __wut_fsa_stat
 .text.__wut_fsa_statvfs
                0x0200338c      0x178 /opt/devkitpro/wut/lib/libwut.a(devoptab_fsa_statvfs.o)
                                0x168 (size before relaxing)
                0x0200338c                __wut_fsa_statvfs
 .text.__wut_fsa_ftruncate
                0x02003504      0x108 /opt/devkitpro/wut/lib/libwut.a(devoptab_fsa_truncate.o)
                                 0xc8 (size before relaxing)
                0x02003504                __wut_fsa_ftruncate
 .text.__wut_fsa_unlink
                0x0200360c       0xd4 /opt/devkitpro/wut/lib/libwut.a(devoptab_fsa_unlink.o)
                                 0xc4 (size before relaxing)
                0x0200360c                __wut_fsa_unlink
 .text.__wut_fsa_hashstring
                0x020036e0       0x40 /opt/devkitpro/wut/lib/libwut.a(devoptab_fsa_utils.o)
                0x020036e0                __wut_fsa_hashstring
 .text.__wut_fsa_fixpath
                0x02003720      0x368 /opt/devkitpro/wut/lib/libwut.a(devoptab_fsa_utils.o)
                0x02003720                __wut_fsa_fixpath
 .text.__wut_fsa_translate_stat_mode
                0x02003a88       0x7c /opt/devkitpro/wut/lib/libwut.a(devoptab_fsa_utils.o)
                0x02003a88                __wut_fsa_translate_stat_mode
 .text.__wut_fsa_translate_stat
                0x02003b04      0x144 /opt/devkitpro/wut/lib/libwut.a(devoptab_fsa_utils.o)
                0x02003b04                __wut_fsa_translate_stat
 .text.__wut_fsa_translate_error
                0x02003c48       0x28 /opt/devkitpro/wut/lib/libwut.a(devoptab_fsa_utils.o)
                0x02003c48                __wut_fsa_translate_error
 .text.__wut_fsa_write
                0x02003c70      0x204 /opt/devkitpro/wut/lib/libwut.a(devoptab_fsa_write.o)
                                0x1d4 (size before relaxing)
                0x02003c70                __wut_fsa_write
 .text.__wut_socket_close
                0x02003e74       0x4c /opt/devkitpro/wut/lib/libwut.a(wut_socket_close.o)
                                 0x3c (size before relaxing)
                0x02003e74                __wut_socket_close
 .text.__wut_fsa_chdir
                0x02003ec0      0x12c /opt/devkitpro/wut/lib/libwut.a(devoptab_fsa_chdir.o)
                                0x11c (size before relaxing)
                0x02003ec0                __wut_fsa_chdir
 .text.__wut_fsa_chmod
                0x02003fec       0xf0 /opt/devkitpro/wut/lib/libwut.a(devoptab_fsa_chmod.o)
                                 0xe0 (size before relaxing)
                0x02003fec                __wut_fsa_chmod
 .text.__wut_fsa_close
                0x020040dc       0xcc /opt/devkitpro/wut/lib/libwut.a(devoptab_fsa_close.o)
                                 0x9c (size before relaxing)
                0x020040dc                __wut_fsa_close
 .text.__divdi3
                0x020041a8      0x448 /opt/devkitpro/devkitPPC/lib/gcc/powerpc-eabi/16.1.0/libgcc.a(_divdi3.o)
                0x020041a8                __divdi3
 .text.__udivdi3
                0x020045f0      0x3c4 /opt/devkitpro/devkitPPC/lib/gcc/powerpc-eabi/16.1.0/libgcc.a(_udivdi3.o)
                0x020045f0                __udivdi3
 .text.chdir    0x020049b4      0x1b8 /opt/devkitpro/devkitPPC/lib/gcc/powerpc-eabi/16.1.0/../../../../powerpc-eabi/lib/libsysbase.a(libsysbase_libsysbase_a-chdir.o)
                0x020049b4                chdir
 .text._concatenate_path
                0x02004b6c      0x27c /opt/devkitpro/devkitPPC/lib/gcc/powerpc-eabi/16.1.0/../../../../powerpc-eabi/lib/libsysbase.a(libsysbase_libsysbase_a-concatenate.o)
                0x02004b6c                _concatenate_path
 .text.__release_handle
                0x02004de8       0xb4 /opt/devkitpro/devkitPPC/lib/gcc/powerpc-eabi/16.1.0/../../../../powerpc-eabi/lib/libsysbase.a(libsysbase_libsysbase_a-handle_manager.o)
                0x02004de8                __release_handle
 .text.__alloc_handle
                0x02004e9c      0x10c /opt/devkitpro/devkitPPC/lib/gcc/powerpc-eabi/16.1.0/../../../../powerpc-eabi/lib/libsysbase.a(libsysbase_libsysbase_a-handle_manager.o)
                0x02004e9c                __alloc_handle
 .text.__get_handle
                0x02004fa8       0x60 /opt/devkitpro/devkitPPC/lib/gcc/powerpc-eabi/16.1.0/../../../../powerpc-eabi/lib/libsysbase.a(libsysbase_libsysbase_a-handle_manager.o)
                0x02004fa8                __get_handle
 .text._close_r
                0x02005008      0x168 /opt/devkitpro/devkitPPC/lib/gcc/powerpc-eabi/16.1.0/../../../../powerpc-eabi/lib/libsysbase.a(libsysbase_libsysbase_a-handle_manager.o)
                0x02005008                _close_r
 .text.null_write
                0x02005170        0x8 /opt/devkitpro/devkitPPC/lib/gcc/powerpc-eabi/16.1.0/../../../../powerpc-eabi/lib/libsysbase.a(libsysbase_libsysbase_a-iosupport.o)
 .text.setDefaultDevice
                0x02005178       0x18 /opt/devkitpro/devkitPPC/lib/gcc/powerpc-eabi/16.1.0/../../../../powerpc-eabi/lib/libsysbase.a(libsysbase_libsysbase_a-iosupport.o)
                0x02005178                setDefaultDevice
 .text.FindDevice
                0x02005190      0x108 /opt/devkitpro/devkitPPC/lib/gcc/powerpc-eabi/16.1.0/../../../../powerpc-eabi/lib/libsysbase.a(libsysbase_libsysbase_a-iosupport.o)
                0x02005190                FindDevice
 .text.RemoveDevice
                0x02005298       0x40 /opt/devkitpro/devkitPPC/lib/gcc/powerpc-eabi/16.1.0/../../../../powerpc-eabi/lib/libsysbase.a(libsysbase_libsysbase_a-iosupport.o)
                0x02005298                RemoveDevice
 .text.AddDevice
                0x020052d8       0xf4 /opt/devkitpro/devkitPPC/lib/gcc/powerpc-eabi/16.1.0/../../../../powerpc-eabi/lib/libsysbase.a(libsysbase_libsysbase_a-iosupport.o)
                0x020052d8                AddDevice
 .text.__libc_lock_acquire
                0x020053cc       0x14 /opt/devkitpro/devkitPPC/lib/gcc/powerpc-eabi/16.1.0/../../../../powerpc-eabi/lib/libsysbase.a(libsysbase_libsysbase_a-syscall_support.o)
                0x020053cc                __libc_lock_acquire
 .text.__libc_lock_release
                0x020053e0       0x14 /opt/devkitpro/devkitPPC/lib/gcc/powerpc-eabi/16.1.0/../../../../powerpc-eabi/lib/libsysbase.a(libsysbase_libsysbase_a-syscall_support.o)
                0x020053e0                __libc_lock_release
 .text.memcpy   0x020053f4      0x14c /opt/devkitpro/devkitPPC/lib/gcc/powerpc-eabi/16.1.0/../../../../powerpc-eabi/lib/libc.a(libc_a-memcpy.o)
                0x020053f4                memcpy
 .text.strlen   0x02005540       0x80 /opt/devkitpro/devkitPPC/lib/gcc/powerpc-eabi/16.1.0/../../../../powerpc-eabi/lib/libc.a(libc_a-strlen.o)
                0x02005540                strlen
 .text.close    0x020055c0       0x30 /opt/devkitpro/devkitPPC/lib/gcc/powerpc-eabi/16.1.0/../../../../powerpc-eabi/lib/libc.a(libc_a-sysclose.o)
                0x020055c0                close
 .text.memalign
                0x020055f0       0x40 /opt/devkitpro/devkitPPC/lib/gcc/powerpc-eabi/16.1.0/../../../../powerpc-eabi/lib/libc.a(libc_a-malign.o)
                0x020055f0                memalign
 .text.snprintf
                0x02005630      0x130 /opt/devkitpro/devkitPPC/lib/gcc/powerpc-eabi/16.1.0/../../../../powerpc-eabi/lib/libc.a(libc_a-snprintf.o)
                0x02005630                snprintf
 .text.strchr   0x02005760      0x154 /opt/devkitpro/devkitPPC/lib/gcc/powerpc-eabi/16.1.0/../../../../powerpc-eabi/lib/libc.a(libc_a-strchr.o)
                0x02005760                strchr
 .text.memcmp   0x020058b4      0x124 /opt/devkitpro/devkitPPC/lib/gcc/powerpc-eabi/16.1.0/../../../../powerpc-eabi/lib/libc.a(libc_a-memcmp.o)
                0x020058b4                memcmp
 .text.__errno  0x020059d8       0x20 /opt/devkitpro/devkitPPC/lib/gcc/powerpc-eabi/16.1.0/../../../../powerpc-eabi/lib/libc.a(libc_a-errno.o)
                0x020059d8                __errno
 .text.memset   0x020059f8      0x180 /opt/devkitpro/devkitPPC/lib/gcc/powerpc-eabi/16.1.0/../../../../powerpc-eabi/lib/libc.a(libc_a-memset.o)
                0x020059f8                memset
 .text.strncpy  0x02005b78      0x104 /opt/devkitpro/devkitPPC/lib/gcc/powerpc-eabi/16.1.0/../../../../powerpc-eabi/lib/libc.a(libc_a-strncpy.o)
                0x02005b78                strncpy
 .text.strcmp   0x02005c7c       0x9c /opt/devkitpro/devkitPPC/lib/gcc/powerpc-eabi/16.1.0/../../../../powerpc-eabi/lib/libc.a(libc_a-strcmp.o)
                0x02005c7c                strcmp
 .text.malloc   0x02005d18       0x58 /opt/devkitpro/devkitPPC/lib/gcc/powerpc-eabi/16.1.0/../../../../powerpc-eabi/lib/libc.a(libc_a-malloc.o)
                0x02005d18                malloc
 .text.free     0x02005d70       0x30 /opt/devkitpro/devkitPPC/lib/gcc/powerpc-eabi/16.1.0/../../../../powerpc-eabi/lib/libc.a(libc_a-malloc.o)
                0x02005d70                free
 .text.strrchr  0x02005da0       0x78 /opt/devkitpro/devkitPPC/lib/gcc/powerpc-eabi/16.1.0/../../../../powerpc-eabi/lib/libc.a(libc_a-strrchr.o)
                0x02005da0                strrchr
 .text.strdup   0x02005e18       0x30 /opt/devkitpro/devkitPPC/lib/gcc/powerpc-eabi/16.1.0/../../../../powerpc-eabi/lib/libc.a(libc_a-strdup.o)
                0x02005e18                strdup
 .text._reclaim_reent
                0x02005e48      0x10c /opt/devkitpro/devkitPPC/lib/gcc/powerpc-eabi/16.1.0/../../../../powerpc-eabi/lib/libc.a(libc_a-reent.o)
                0x02005e48                _reclaim_reent
 .text.get_arg  0x02005f54      0x7bc /opt/devkitpro/devkitPPC/lib/gcc/powerpc-eabi/16.1.0/../../../../powerpc-eabi/lib/libc.a(libc_a-svfprintf.o)
 .text._svfprintf_r
                0x02006710     0x39f8 /opt/devkitpro/devkitPPC/lib/gcc/powerpc-eabi/16.1.0/../../../../powerpc-eabi/lib/libc.a(libc_a-svfprintf.o)
                0x02006710                _svfprintf_r
 .text.strnlen  0x0200a108       0xc0 /opt/devkitpro/devkitPPC/lib/gcc/powerpc-eabi/16.1.0/../../../../powerpc-eabi/lib/libc.a(libc_a-strnlen.o)
                0x0200a108                strnlen
 .text.strncmp  0x0200a1c8       0xc8 /opt/devkitpro/devkitPPC/lib/gcc/powerpc-eabi/16.1.0/../../../../powerpc-eabi/lib/libc.a(libc_a-strncmp.o)
                0x0200a1c8                strncmp
 .text.frexp    0x0200a290       0x90 /opt/devkitpro/devkitPPC/lib/gcc/powerpc-eabi/16.1.0/../../../../powerpc-eabi/lib/libc.a(libm_a-s_frexp.o)
                0x0200a290                frexp
 .text._strdup_r
                0x0200a320       0x70 /opt/devkitpro/devkitPPC/lib/gcc/powerpc-eabi/16.1.0/../../../../powerpc-eabi/lib/libc.a(libc_a-strdup_r.o)
                0x0200a320                _strdup_r
 .text._wcrtomb_r
                0x0200a390      0x104 /opt/devkitpro/devkitPPC/lib/gcc/powerpc-eabi/16.1.0/../../../../powerpc-eabi/lib/libc.a(libc_a-wcrtomb.o)
                0x0200a390                _wcrtomb_r
 .text.memchr   0x0200a494      0x148 /opt/devkitpro/devkitPPC/lib/gcc/powerpc-eabi/16.1.0/../../../../powerpc-eabi/lib/libc.a(libc_a-memchr.o)
                0x0200a494                memchr
 .text.__ssprint_r
                0x0200a5dc      0x10c /opt/devkitpro/devkitPPC/lib/gcc/powerpc-eabi/16.1.0/../../../../powerpc-eabi/lib/libc.a(libc_a-ssprint_r.o)
                0x0200a5dc                __ssprint_r
 .text.__locale_mb_cur_max
                0x0200a6e8       0x4c /opt/devkitpro/devkitPPC/lib/gcc/powerpc-eabi/16.1.0/../../../../powerpc-eabi/lib/libc.a(libc_a-locale.o)
                0x0200a6e8                __locale_mb_cur_max
 .text.quorem   0x0200a734      0x340 /opt/devkitpro/devkitPPC/lib/gcc/powerpc-eabi/16.1.0/../../../../powerpc-eabi/lib/libc.a(libc_a-dtoa.o)
 .text._dtoa_r  0x0200aa74     0x1720 /opt/devkitpro/devkitPPC/lib/gcc/powerpc-eabi/16.1.0/../../../../powerpc-eabi/lib/libc.a(libc_a-dtoa.o)
                0x0200aa74                _dtoa_r
 .text._wcsrtombs_r
                0x0200c194       0x10 /opt/devkitpro/devkitPPC/lib/gcc/powerpc-eabi/16.1.0/../../../../powerpc-eabi/lib/libc.a(libc_a-wcsrtombs.o)
                0x0200c194                _wcsrtombs_r
 .text._localeconv_r
                0x0200c1a4       0x4c /opt/devkitpro/devkitPPC/lib/gcc/powerpc-eabi/16.1.0/../../../../powerpc-eabi/lib/libc.a(libc_a-localeconv.o)
                0x0200c1a4                _localeconv_r
 .text.__ssputs_r
                0x0200c1f0      0x194 /opt/devkitpro/devkitPPC/lib/gcc/powerpc-eabi/16.1.0/../../../../powerpc-eabi/lib/libc.a(libc_a-ssputs_r.o)
                0x0200c1f0                __ssputs_r
 .text.__utf8_wctomb
                0x0200c384      0x108 /opt/devkitpro/devkitPPC/lib/gcc/powerpc-eabi/16.1.0/../../../../powerpc-eabi/lib/libc.a(libc_a-wctomb_r.o)
                0x0200c384                __utf8_wctomb
 .text._wcsnrtombs_l
                0x0200c48c      0x1e4 /opt/devkitpro/devkitPPC/lib/gcc/powerpc-eabi/16.1.0/../../../../powerpc-eabi/lib/libc.a(libc_a-wcsnrtombs.o)
                0x0200c48c                _wcsnrtombs_l
 .text._wcsnrtombs_r
                0x0200c670       0xd8 /opt/devkitpro/devkitPPC/lib/gcc/powerpc-eabi/16.1.0/../../../../powerpc-eabi/lib/libc.a(libc_a-wcsnrtombs.o)
                0x0200c670                _wcsnrtombs_r
 .text._Balloc  0x0200c748       0xf4 /opt/devkitpro/devkitPPC/lib/gcc/powerpc-eabi/16.1.0/../../../../powerpc-eabi/lib/libc.a(libc_a-mprec.o)
                0x0200c748                _Balloc
 .text._Bfree   0x0200c83c       0x24 /opt/devkitpro/devkitPPC/lib/gcc/powerpc-eabi/16.1.0/../../../../powerpc-eabi/lib/libc.a(libc_a-mprec.o)
                0x0200c83c                _Bfree
 .text.__multadd
                0x0200c860      0x174 /opt/devkitpro/devkitPPC/lib/gcc/powerpc-eabi/16.1.0/../../../../powerpc-eabi/lib/libc.a(libc_a-mprec.o)
                0x0200c860                __multadd
 .text.__hi0bits
                0x0200c9d4       0x98 /opt/devkitpro/devkitPPC/lib/gcc/powerpc-eabi/16.1.0/../../../../powerpc-eabi/lib/libc.a(libc_a-mprec.o)
                0x0200c9d4                __hi0bits
 .text.__lo0bits
                0x0200ca6c      0x10c /opt/devkitpro/devkitPPC/lib/gcc/powerpc-eabi/16.1.0/../../../../powerpc-eabi/lib/libc.a(libc_a-mprec.o)
                0x0200ca6c                __lo0bits
 .text.__i2b    0x0200cb78      0x108 /opt/devkitpro/devkitPPC/lib/gcc/powerpc-eabi/16.1.0/../../../../powerpc-eabi/lib/libc.a(libc_a-mprec.o)
                0x0200cb78                __i2b
 .text.__multiply
                0x0200cc80      0x338 /opt/devkitpro/devkitPPC/lib/gcc/powerpc-eabi/16.1.0/../../../../powerpc-eabi/lib/libc.a(libc_a-mprec.o)
                0x0200cc80                __multiply
 .text.__pow5mult
                0x0200cfb8      0x19c /opt/devkitpro/devkitPPC/lib/gcc/powerpc-eabi/16.1.0/../../../../powerpc-eabi/lib/libc.a(libc_a-mprec.o)
                0x0200cfb8                __pow5mult
 .text.__lshift
                0x0200d154      0x26c /opt/devkitpro/devkitPPC/lib/gcc/powerpc-eabi/16.1.0/../../../../powerpc-eabi/lib/libc.a(libc_a-mprec.o)
                0x0200d154                __lshift
 .text.__mcmp   0x0200d3c0       0xdc /opt/devkitpro/devkitPPC/lib/gcc/powerpc-eabi/16.1.0/../../../../powerpc-eabi/lib/libc.a(libc_a-mprec.o)
                0x0200d3c0                __mcmp
 .text.__mdiff  0x0200d49c      0x314 /opt/devkitpro/devkitPPC/lib/gcc/powerpc-eabi/16.1.0/../../../../powerpc-eabi/lib/libc.a(libc_a-mprec.o)
                0x0200d49c                __mdiff
 .text.__d2b    0x0200d7b0      0x194 /opt/devkitpro/devkitPPC/lib/gcc/powerpc-eabi/16.1.0/../../../../powerpc-eabi/lib/libc.a(libc_a-mprec.o)
                0x0200d7b0                __d2b
 .text.__utf8_mbtowc
                0x0200d944      0x604 /opt/devkitpro/devkitPPC/lib/gcc/powerpc-eabi/16.1.0/../../../../powerpc-eabi/lib/libc.a(libc_a-mbtowc_r.o)
                0x0200d944                __utf8_mbtowc
 .text.memmove  0x0200df48      0x254 /opt/devkitpro/devkitPPC/lib/gcc/powerpc-eabi/16.1.0/../../../../powerpc-eabi/lib/libc.a(libc_a-memmove.o)
                0x0200df48                memmove
 .text.__umoddi3
                0x0200e19c      0x380 /opt/devkitpro/devkitPPC/lib/gcc/powerpc-eabi/16.1.0/libgcc.a(_umoddi3.o)
                0x0200e19c                __umoddi3
 .text          0x0200e51c       0x58 /opt/devkitpro/devkitPPC/lib/gcc/powerpc-eabi/16.1.0/libgcc.a(crtresxgpr.o)
                0x0200e51c                _restgpr_14_x
                0x0200e520                _restgpr_15_x
                0x0200e524                _restgpr_16_x
                0x0200e528                _restgpr_17_x
                0x0200e52c                _restgpr_18_x
                0x0200e530                _restgpr_19_x
                0x0200e534                _restgpr_20_x
                0x0200e538                _restgpr_21_x
                0x0200e53c                _restgpr_22_x
                0x0200e540                _restgpr_23_x
                0x0200e544                _restgpr_24_x
                0x0200e548                _restgpr_25_x
                0x0200e54c                _restgpr_26_x
                0x0200e550                _restgpr_27_x
                0x0200e554                _restgpr_28_x
                0x0200e558                _restgpr_29_x
                0x0200e55c                _restgpr_30_x
                0x0200e560                _restgpr_31_x
 .text.__do_global_ctors_aux
                0x0200e574       0x50 /opt/devkitpro/devkitPPC/lib/gcc/powerpc-eabi/16.1.0/crtend.o
 *(.gnu.warning)
 *(.glink)
 .glink         0x0200e5c4        0x0 /opt/devkitpro/devkitPPC/lib/gcc/powerpc-eabi/16.1.0/crtbegin.o
 *(SORT_NONE(.fini))
 .fini          0x0200e5c4        0xc /opt/devkitpro/devkitPPC/lib/gcc/powerpc-eabi/16.1.0/ecrti.o
                0x0200e5c4                __fini
 .fini          0x0200e5d0        0x4 /opt/devkitpro/devkitPPC/lib/gcc/powerpc-eabi/16.1.0/crtbegin.o
 .fini          0x0200e5d4       0x10 /opt/devkitpro/devkitPPC/lib/gcc/powerpc-eabi/16.1.0/ecrtn.o
                0x10000000                        . = ORIGIN (datamem)

.rodata         0x10000000      0xf80
 *(.sdata2 .sdata2.* .gnu.linkonce.s2.*)
 .sdata2        0x10000000        0x0 /opt/devkitpro/devkitPPC/lib/gcc/powerpc-eabi/16.1.0/crtbegin.o
                0x10008000                _SDA2_BASE_
 *(.sbss2 .sbss2.* .gnu.linkonce.sb2.*)
 *(.rodata .rodata.* .gnu.linkonce.r.*)
 .rodata.str1.4
                0x10000000      0x739 main.o
                                0x2dd (size before relaxing)
 *fill*         0x10000739        0x3 
 .rodata        0x1000073c       0x11 main.o
 .rodata.WUPSConfigAPI_GetVersion.str1.4
                0x1000074d        0x0 /opt/devkitpro/wups/lib/libwups.a(config_api.o)
                                 0x31 (size before relaxing)
 .rodata.WUPSConfigAPI_InitLibrary_Internal.str1.4
                0x1000074d        0x0 /opt/devkitpro/wups/lib/libwups.a(config_api.o)
                                0x109 (size before relaxing)
 .rodata.__wups_start.str1.4
                0x1000074d        0x0 /opt/devkitpro/wups/lib/libwups.a(main.o)
                                 0x38 (size before relaxing)
 .rodata.wut_get_thread_specific.str1.4
                0x1000074d        0x0 /opt/devkitpro/wups/lib/libwups.a(main.o)
                                 0x59 (size before relaxing)
 .rodata.__assert_func.str1.4
                0x1000074d        0x0 /opt/devkitpro/wups/lib/libwups.a(main.o)
                                 0x68 (size before relaxing)
 .rodata.WUPSReentAPI_InitInternal.str1.4
                0x1000074d        0x0 /opt/devkitpro/wups/lib/libwups.a(wups_reent.o)
                                 0x1f (size before relaxing)
 .rodata._Z15__wups_getreentv.str1.4
                0x1000074d        0x0 /opt/devkitpro/wups/lib/libwups.a(wups_reent.o)
                                 0x38 (size before relaxing)
 *fill*         0x1000074d        0x3 
 .rodata._ZL14sReentPluginId
                0x10000750        0x4 /opt/devkitpro/wups/lib/libwups.a(wups_reent.o)
 .rodata.socket.str1.4
                0x10000754        0x0 /opt/devkitpro/wut/lib/libwut.a(socket.o)
                                  0x5 (size before relaxing)
 .rodata.__wut_socket_fini_devoptab.str1.4
                0x10000754        0x0 /opt/devkitpro/wut/lib/libwut.a(wut_socket_common.o)
                                  0x5 (size before relaxing)
 .rodata.__wut_get_nsysnet_fd.str1.4
                0x10000754        0x0 /opt/devkitpro/wut/lib/libwut.a(wut_socket_common.o)
                                  0x4 (size before relaxing)
 .rodata.__wut_nsysnet_error_code_map
                0x10000754       0x34 /opt/devkitpro/wut/lib/libwut.a(wut_socket_common.o)
 .rodata.__init_wut_devoptab.str1.4
                0x10000788        0x0 /opt/devkitpro/wut/lib/libwut.a(devoptab_fsa.o)
                                 0x33 (size before relaxing)
 .rodata.str1.4
                0x10000788        0x0 /opt/devkitpro/wut/lib/libwut.a(devoptab_fsa.o)
                                  0x3 (size before relaxing)
 .rodata._ZL18__wut_fsa_devoptab
                0x10000788       0x80 /opt/devkitpro/wut/lib/libwut.a(devoptab_fsa.o)
 .rodata.__wut_fsa_dirnext.str1.4
                0x10000808        0x0 /opt/devkitpro/wut/lib/libwut.a(devoptab_fsa_dirnext.o)
                                  0xb (size before relaxing)
 .rodata.__wut_fsa_diropen.str1.4
                0x10000808        0x0 /opt/devkitpro/wut/lib/libwut.a(devoptab_fsa_diropen.o)
                                  0x3 (size before relaxing)
 .rodata.__wut_fsa_open.str1.4
                0x10000808        0x0 /opt/devkitpro/wut/lib/libwut.a(devoptab_fsa_open.o)
                                 0x1b (size before relaxing)
 .rodata.__wut_fsa_fixpath.str1.4
                0x10000808        0x0 /opt/devkitpro/wut/lib/libwut.a(devoptab_fsa_utils.o)
                                  0xb (size before relaxing)
 .rodata.CSWTCH.24
                0x10000808       0x42 /opt/devkitpro/wut/lib/libwut.a(devoptab_fsa_utils.o)
 .rodata.__wut_fsa_chdir.str1.4
                0x1000084a        0x0 /opt/devkitpro/wut/lib/libwut.a(devoptab_fsa_chdir.o)
                                  0x3 (size before relaxing)
 .rodata.str1.4
                0x1000084a        0x0 /opt/devkitpro/devkitPPC/lib/gcc/powerpc-eabi/16.1.0/../../../../powerpc-eabi/lib/libsysbase.a(libsysbase_libsysbase_a-iosupport.o)
                                  0x8 (size before relaxing)
 *fill*         0x1000084a        0x2 
 .rodata.dotab_stdnull
                0x1000084c       0x80 /opt/devkitpro/devkitPPC/lib/gcc/powerpc-eabi/16.1.0/../../../../powerpc-eabi/lib/libsysbase.a(libsysbase_libsysbase_a-iosupport.o)
                0x1000084c                dotab_stdnull
 .rodata.get_arg
                0x100008cc       0xb0 /opt/devkitpro/devkitPPC/lib/gcc/powerpc-eabi/16.1.0/../../../../powerpc-eabi/lib/libc.a(libc_a-svfprintf.o)
 .rodata._svfprintf_r.str1.1
                0x1000097c       0x3b /opt/devkitpro/devkitPPC/lib/gcc/powerpc-eabi/16.1.0/../../../../powerpc-eabi/lib/libc.a(libc_a-svfprintf.o)
 *fill*         0x100009b7        0x1 
 .rodata._svfprintf_r
                0x100009b8      0x16c /opt/devkitpro/devkitPPC/lib/gcc/powerpc-eabi/16.1.0/../../../../powerpc-eabi/lib/libc.a(libc_a-svfprintf.o)
 .rodata.zeroes.0
                0x10000b24       0x10 /opt/devkitpro/devkitPPC/lib/gcc/powerpc-eabi/16.1.0/../../../../powerpc-eabi/lib/libc.a(libc_a-svfprintf.o)
 .rodata.blanks.1
                0x10000b34       0x10 /opt/devkitpro/devkitPPC/lib/gcc/powerpc-eabi/16.1.0/../../../../powerpc-eabi/lib/libc.a(libc_a-svfprintf.o)
 .rodata.cst4   0x10000b44       0x30 /opt/devkitpro/devkitPPC/lib/gcc/powerpc-eabi/16.1.0/../../../../powerpc-eabi/lib/libc.a(libc_a-svfprintf.o)
                                 0x14 (size before relaxing)
 *fill*         0x10000b74        0x4 
 .rodata.cst8   0x10000b78       0x20 /opt/devkitpro/devkitPPC/lib/gcc/powerpc-eabi/16.1.0/../../../../powerpc-eabi/lib/libc.a(libc_a-svfprintf.o)
                                  0x8 (size before relaxing)
 .rodata.cst4   0x10000b98        0x0 /opt/devkitpro/devkitPPC/lib/gcc/powerpc-eabi/16.1.0/../../../../powerpc-eabi/lib/libc.a(libm_a-s_frexp.o)
                                  0x4 (size before relaxing)
 .rodata.__action_table
                0x10000b98       0x6c /opt/devkitpro/devkitPPC/lib/gcc/powerpc-eabi/16.1.0/../../../../powerpc-eabi/lib/libc.a(libc_a-svfiprintf.o)
                0x10000b98                __action_table
 .rodata.__state_table
                0x10000c04       0x6c /opt/devkitpro/devkitPPC/lib/gcc/powerpc-eabi/16.1.0/../../../../powerpc-eabi/lib/libc.a(libc_a-svfiprintf.o)
                0x10000c04                __state_table
 .rodata.__chclass
                0x10000c70      0x100 /opt/devkitpro/devkitPPC/lib/gcc/powerpc-eabi/16.1.0/../../../../powerpc-eabi/lib/libc.a(libc_a-svfiprintf.o)
                0x10000c70                __chclass
 .rodata.str1.4
                0x10000d70        0x0 /opt/devkitpro/devkitPPC/lib/gcc/powerpc-eabi/16.1.0/../../../../powerpc-eabi/lib/libc.a(libc_a-locale.o)
                                 0x4c (size before relaxing)
 .rodata._dtoa_r.str1.4
                0x10000d70        0x0 /opt/devkitpro/devkitPPC/lib/gcc/powerpc-eabi/16.1.0/../../../../powerpc-eabi/lib/libc.a(libc_a-dtoa.o)
                                 0x9c (size before relaxing)
 .rodata.cst4   0x10000d70        0x0 /opt/devkitpro/devkitPPC/lib/gcc/powerpc-eabi/16.1.0/../../../../powerpc-eabi/lib/libc.a(libc_a-dtoa.o)
                                 0x24 (size before relaxing)
 .rodata.cst8   0x10000d70        0x0 /opt/devkitpro/devkitPPC/lib/gcc/powerpc-eabi/16.1.0/../../../../powerpc-eabi/lib/libc.a(libc_a-dtoa.o)
                                 0x18 (size before relaxing)
 .rodata._ctype_
                0x10000d70      0x101 /opt/devkitpro/devkitPPC/lib/gcc/powerpc-eabi/16.1.0/../../../../powerpc-eabi/lib/libc.a(libc_a-ctype_.o)
                0x10000d70                _ctype_
 .rodata.__multadd.str1.4
                0x10000e71        0x0 /opt/devkitpro/devkitPPC/lib/gcc/powerpc-eabi/16.1.0/../../../../powerpc-eabi/lib/libc.a(libc_a-mprec.o)
                                 0x89 (size before relaxing)
 *fill*         0x10000e71        0x3 
 .rodata.p05.0  0x10000e74        0xc /opt/devkitpro/devkitPPC/lib/gcc/powerpc-eabi/16.1.0/../../../../powerpc-eabi/lib/libc.a(libc_a-mprec.o)
 .rodata.__mprec_bigtens
                0x10000e80       0x28 /opt/devkitpro/devkitPPC/lib/gcc/powerpc-eabi/16.1.0/../../../../powerpc-eabi/lib/libc.a(libc_a-mprec.o)
                0x10000e80                __mprec_bigtens
 .rodata.__mprec_tens
                0x10000ea8       0xc8 /opt/devkitpro/devkitPPC/lib/gcc/powerpc-eabi/16.1.0/../../../../powerpc-eabi/lib/libc.a(libc_a-mprec.o)
                0x10000ea8                __mprec_tens
 *(.rodata1)
 *(.gcc_except_table .gcc_except_table.*)
 *(.gnu_extab*)
                0x10000f70                        . = ALIGN (0x4)
                [!provide]                        PROVIDE (__preinit_array_start = .)
 *(.preinit_array)
                [!provide]                        PROVIDE (__preinit_array_end = .)
                [!provide]                        PROVIDE (__init_array_start = .)
 *crtbegin.o(.ctors)
 .ctors         0x10000f70        0x4 /opt/devkitpro/devkitPPC/lib/gcc/powerpc-eabi/16.1.0/crtbegin.o
 *crtbegin?.o(.ctors)
 *(SORT_BY_INIT_PRIORITY(.init_array.*) SORT_BY_INIT_PRIORITY(.ctors.*))
 *(.init_array EXCLUDE_FILE(*crtend?.o *crtend.o *crtbegin?.o *crtbegin.o) .ctors)
 .ctors         0x10000f74        0x0 /opt/devkitpro/devkitPPC/lib/gcc/powerpc-eabi/16.1.0/ecrti.o
                0x10000f74                __CTOR_LIST__
 .ctors         0x10000f74        0x0 /opt/devkitpro/devkitPPC/lib/gcc/powerpc-eabi/16.1.0/ecrtn.o
                0x10000f74                __CTOR_END__
 *(SORT_BY_NAME(.ctors.*))
 *(.ctors)
 .ctors         0x10000f74        0x4 /opt/devkitpro/devkitPPC/lib/gcc/powerpc-eabi/16.1.0/crtend.o
                [!provide]                        PROVIDE (__init_array_end = .)
                [!provide]                        PROVIDE (__fini_array_start = .)
 *crtbegin.o(.dtors)
 .dtors         0x10000f78        0x4 /opt/devkitpro/devkitPPC/lib/gcc/powerpc-eabi/16.1.0/crtbegin.o
 *crtbegin?.o(.dtors)
 *(SORT_BY_INIT_PRIORITY(.fini_array.*) SORT_BY_INIT_PRIORITY(.dtors.*))
 *(.fini_array EXCLUDE_FILE(*crtend?.o *crtend.o *crtbegin?.o *crtbegin.o) .dtors)
 .dtors         0x10000f7c        0x0 /opt/devkitpro/devkitPPC/lib/gcc/powerpc-eabi/16.1.0/ecrti.o
                0x10000f7c                __DTOR_LIST__
 .dtors         0x10000f7c        0x0 /opt/devkitpro/devkitPPC/lib/gcc/powerpc-eabi/16.1.0/ecrtn.o
 *(SORT_BY_NAME(.dtors.*))
 *(.dtors)
 .dtors         0x10000f7c        0x4 /opt/devkitpro/devkitPPC/lib/gcc/powerpc-eabi/16.1.0/crtend.o
                0x10000f7c                __DTOR_END__
                [!provide]                        PROVIDE (__fini_array_end = .)
 *(.jcr)
 *(.fixup)
 *(.got1)
 *(.got2)
 *(.branch_lt)
 .branch_lt     0x10000f80        0x0 /opt/devkitpro/devkitPPC/lib/gcc/powerpc-eabi/16.1.0/crtbegin.o
 *(.got)
 *(.plt)
 *(.tm_clone_table)

.eh_frame       0x10000f80     0x1e68
 *(.eh_frame_hdr)
 *(.eh_frame_entry .eh_frame_entry.*)
 *(.eh_frame)
 .eh_frame      0x10000f80        0x0 /opt/devkitpro/devkitPPC/lib/gcc/powerpc-eabi/16.1.0/ecrti.o
                0x10000f80                __EH_FRAME_BEGIN__
 .eh_frame      0x10000f80        0x0 /opt/devkitpro/devkitPPC/lib/gcc/powerpc-eabi/16.1.0/crtbegin.o
 .eh_frame      0x10000f80        0x0 /opt/devkitpro/devkitPPC/lib/gcc/powerpc-eabi/16.1.0/crtbegin.o
 .eh_frame      0x10000f80      0x284 main.o
 .eh_frame      0x10001204       0x20 /opt/devkitpro/wups/lib/libwups.a(button_combo.o)
                                0x2d4 (size before relaxing)
 .eh_frame      0x10001224       0x94 /opt/devkitpro/wups/lib/libwups.a(config_api.o)
                                0x204 (size before relaxing)
 .eh_frame      0x100012b8       0xb4 /opt/devkitpro/wups/lib/libwups.a(main.o)
                                0x100 (size before relaxing)
 .eh_frame      0x1000136c       0x88 /opt/devkitpro/wups/lib/libwups.a(wups_reent.o)
                                 0xc4 (size before relaxing)
 .eh_frame      0x100013f4       0x28 /opt/devkitpro/wut/lib/libwut.a(wut_newlib.o)
                                0x160 (size before relaxing)
 .eh_frame      0x1000141c        0x0 /opt/devkitpro/wut/lib/libwut.a(wut_reent.o)
                                 0x74 (size before relaxing)
 .eh_frame      0x1000141c       0x20 /opt/devkitpro/wut/lib/libwut.a(wut_sbrk.o)
                                 0x94 (size before relaxing)
 .eh_frame      0x1000143c       0x90 /opt/devkitpro/wut/lib/libwut.a(wut_thread.o)
                                0x3fc (size before relaxing)
 .eh_frame      0x100014cc        0x0 /opt/devkitpro/wut/lib/libwut.a(wut_thread_specific.o)
                                 0x3c (size before relaxing)
 .eh_frame      0x100014cc      0x108 /opt/devkitpro/wut/lib/libwut.a(wut_malloc.o)
                                0x1ec (size before relaxing)
 .eh_frame      0x100015d4       0x34 /opt/devkitpro/wut/lib/libwut.a(connect.o)
                                 0x48 (size before relaxing)
 .eh_frame      0x10001608       0x3c /opt/devkitpro/wut/lib/libwut.a(recv.o)
                                 0x50 (size before relaxing)
 .eh_frame      0x10001644       0x3c /opt/devkitpro/wut/lib/libwut.a(send.o)
                                 0x50 (size before relaxing)
 .eh_frame      0x10001680       0x40 /opt/devkitpro/wut/lib/libwut.a(socket.o)
                                 0x54 (size before relaxing)
 .eh_frame      0x100016c0       0x70 /opt/devkitpro/wut/lib/libwut.a(wut_socket_common.o)
                                 0xc4 (size before relaxing)
 .eh_frame      0x10001730       0x14 /opt/devkitpro/wut/lib/libwut.a(wut_socket_open.o)
                                 0x28 (size before relaxing)
 .eh_frame      0x10001744       0x24 /opt/devkitpro/wut/lib/libwut.a(wut_socket_read.o)
                                 0x38 (size before relaxing)
 .eh_frame      0x10001768       0x24 /opt/devkitpro/wut/lib/libwut.a(wut_socket_write.o)
                                 0x38 (size before relaxing)
 .eh_frame      0x1000178c       0x74 /opt/devkitpro/wut/lib/libwut.a(devoptab_fsa.o)
                                 0x88 (size before relaxing)
 .eh_frame      0x10001800       0x48 /opt/devkitpro/wut/lib/libwut.a(devoptab_fsa_dirclose.o)
                                 0x5c (size before relaxing)
 .eh_frame      0x10001848       0x70 /opt/devkitpro/wut/lib/libwut.a(devoptab_fsa_dirnext.o)
                                 0x84 (size before relaxing)
 .eh_frame      0x100018b8       0x74 /opt/devkitpro/wut/lib/libwut.a(devoptab_fsa_diropen.o)
                                 0x88 (size before relaxing)
 .eh_frame      0x1000192c       0x48 /opt/devkitpro/wut/lib/libwut.a(devoptab_fsa_dirreset.o)
                                 0x5c (size before relaxing)
 .eh_frame      0x10001974       0x54 /opt/devkitpro/wut/lib/libwut.a(devoptab_fsa_fstat.o)
                                 0x68 (size before relaxing)
 .eh_frame      0x100019c8       0x48 /opt/devkitpro/wut/lib/libwut.a(devoptab_fsa_fsync.o)
                                 0x5c (size before relaxing)
 .eh_frame      0x10001a10       0x4c /opt/devkitpro/wut/lib/libwut.a(devoptab_fsa_mkdir.o)
                                 0x60 (size before relaxing)
 .eh_frame      0x10001a5c      0x120 /opt/devkitpro/wut/lib/libwut.a(devoptab_fsa_open.o)
                                0x134 (size before relaxing)
 .eh_frame      0x10001b7c       0x88 /opt/devkitpro/wut/lib/libwut.a(devoptab_fsa_read.o)
                                 0x9c (size before relaxing)
 .eh_frame      0x10001c04       0x54 /opt/devkitpro/wut/lib/libwut.a(devoptab_fsa_rename.o)
                                 0x68 (size before relaxing)
 .eh_frame      0x10001c58       0x44 /opt/devkitpro/wut/lib/libwut.a(devoptab_fsa_rmdir.o)
                                 0x58 (size before relaxing)
 .eh_frame      0x10001c9c       0x5c /opt/devkitpro/wut/lib/libwut.a(devoptab_fsa_seek.o)
                                 0x70 (size before relaxing)
 .eh_frame      0x10001cf8       0x64 /opt/devkitpro/wut/lib/libwut.a(devoptab_fsa_stat.o)
                                 0x78 (size before relaxing)
 .eh_frame      0x10001d5c       0x54 /opt/devkitpro/wut/lib/libwut.a(devoptab_fsa_statvfs.o)
                                 0x68 (size before relaxing)
 .eh_frame      0x10001db0       0x50 /opt/devkitpro/wut/lib/libwut.a(devoptab_fsa_truncate.o)
                                 0x64 (size before relaxing)
 .eh_frame      0x10001e00       0x44 /opt/devkitpro/wut/lib/libwut.a(devoptab_fsa_unlink.o)
                                 0x58 (size before relaxing)
 .eh_frame      0x10001e44       0xcc /opt/devkitpro/wut/lib/libwut.a(devoptab_fsa_utils.o)
                                 0xe0 (size before relaxing)
 .eh_frame      0x10001f10       0x80 /opt/devkitpro/wut/lib/libwut.a(devoptab_fsa_write.o)
                                 0x94 (size before relaxing)
 .eh_frame      0x10001f90        0x0 /opt/devkitpro/wut/lib/libwut.a(wut_crt.o)
                                 0x5c (size before relaxing)
 .eh_frame      0x10001f90        0x0 /opt/devkitpro/wut/lib/libwut.a(wut_clock.o)
                                 0xa0 (size before relaxing)
 .eh_frame      0x10001f90        0x0 /opt/devkitpro/wut/lib/libwut.a(wut_gettod_r.o)
                                 0x48 (size before relaxing)
 .eh_frame      0x10001f90        0x0 /opt/devkitpro/wut/lib/libwut.a(wut_nanosleep.o)
                                 0x4c (size before relaxing)
 .eh_frame      0x10001f90       0x28 /opt/devkitpro/wut/lib/libwut.a(wut_socket_close.o)
                                 0x3c (size before relaxing)
 .eh_frame      0x10001fb8       0x5c /opt/devkitpro/wut/lib/libwut.a(devoptab_fsa_chdir.o)
                                 0x70 (size before relaxing)
 .eh_frame      0x10002014       0x4c /opt/devkitpro/wut/lib/libwut.a(devoptab_fsa_chmod.o)
                                 0x60 (size before relaxing)
 .eh_frame      0x10002060       0x48 /opt/devkitpro/wut/lib/libwut.a(devoptab_fsa_close.o)
                                 0x5c (size before relaxing)
 .eh_frame      0x100020a8       0x58 /opt/devkitpro/devkitPPC/lib/gcc/powerpc-eabi/16.1.0/libgcc.a(_divdi3.o)
                                 0x6c (size before relaxing)
 .eh_frame      0x10002100       0x30 /opt/devkitpro/devkitPPC/lib/gcc/powerpc-eabi/16.1.0/libgcc.a(_udivdi3.o)
                                 0x44 (size before relaxing)
 .eh_frame      0x10002130       0x48 /opt/devkitpro/devkitPPC/lib/gcc/powerpc-eabi/16.1.0/../../../../powerpc-eabi/lib/libsysbase.a(libsysbase_libsysbase_a-chdir.o)
                                 0xb4 (size before relaxing)
 .eh_frame      0x10002178       0x8c /opt/devkitpro/devkitPPC/lib/gcc/powerpc-eabi/16.1.0/../../../../powerpc-eabi/lib/libsysbase.a(libsysbase_libsysbase_a-concatenate.o)
                                 0xa0 (size before relaxing)
 .eh_frame      0x10002204       0xd4 /opt/devkitpro/devkitPPC/lib/gcc/powerpc-eabi/16.1.0/../../../../powerpc-eabi/lib/libsysbase.a(libsysbase_libsysbase_a-handle_manager.o)
                                0x178 (size before relaxing)
 .eh_frame      0x100022d8       0xec /opt/devkitpro/devkitPPC/lib/gcc/powerpc-eabi/16.1.0/../../../../powerpc-eabi/lib/libsysbase.a(libsysbase_libsysbase_a-iosupport.o)
                                0x128 (size before relaxing)
 .eh_frame      0x100023c4       0x28 /opt/devkitpro/devkitPPC/lib/gcc/powerpc-eabi/16.1.0/../../../../powerpc-eabi/lib/libsysbase.a(libsysbase_libsysbase_a-syscall_support.o)
                                0x184 (size before relaxing)
 .eh_frame      0x100023ec        0x0 /opt/devkitpro/devkitPPC/lib/gcc/powerpc-eabi/16.1.0/../../../../powerpc-eabi/lib/libsysbase.a(libsysbase_libsysbase_a-clocks.o)
                                 0x74 (size before relaxing)
 .eh_frame      0x100023ec       0x14 /opt/devkitpro/devkitPPC/lib/gcc/powerpc-eabi/16.1.0/../../../../powerpc-eabi/lib/libc.a(libc_a-memcpy.o)
                                 0x28 (size before relaxing)
 .eh_frame      0x10002400       0x14 /opt/devkitpro/devkitPPC/lib/gcc/powerpc-eabi/16.1.0/../../../../powerpc-eabi/lib/libc.a(libc_a-strlen.o)
                                 0x28 (size before relaxing)
 .eh_frame      0x10002414       0x28 /opt/devkitpro/devkitPPC/lib/gcc/powerpc-eabi/16.1.0/../../../../powerpc-eabi/lib/libc.a(libc_a-sysclose.o)
                                 0x3c (size before relaxing)
 .eh_frame      0x1000243c        0x0 /opt/devkitpro/devkitPPC/lib/gcc/powerpc-eabi/16.1.0/../../../../powerpc-eabi/lib/libc.a(libc_a-strcpy.o)
                                 0x28 (size before relaxing)
 .eh_frame      0x1000243c       0x2c /opt/devkitpro/devkitPPC/lib/gcc/powerpc-eabi/16.1.0/../../../../powerpc-eabi/lib/libc.a(libc_a-malign.o)
                                 0x40 (size before relaxing)
 .eh_frame      0x10002468       0x40 /opt/devkitpro/devkitPPC/lib/gcc/powerpc-eabi/16.1.0/../../../../powerpc-eabi/lib/libc.a(libc_a-snprintf.o)
                                 0x84 (size before relaxing)
 .eh_frame      0x100024a8       0x14 /opt/devkitpro/devkitPPC/lib/gcc/powerpc-eabi/16.1.0/../../../../powerpc-eabi/lib/libc.a(libc_a-strchr.o)
                                 0x28 (size before relaxing)
 .eh_frame      0x100024bc       0x14 /opt/devkitpro/devkitPPC/lib/gcc/powerpc-eabi/16.1.0/../../../../powerpc-eabi/lib/libc.a(libc_a-memcmp.o)
                                 0x28 (size before relaxing)
 .eh_frame      0x100024d0       0x20 /opt/devkitpro/devkitPPC/lib/gcc/powerpc-eabi/16.1.0/../../../../powerpc-eabi/lib/libc.a(libc_a-errno.o)
                                 0x34 (size before relaxing)
 .eh_frame      0x100024f0       0x14 /opt/devkitpro/devkitPPC/lib/gcc/powerpc-eabi/16.1.0/../../../../powerpc-eabi/lib/libc.a(libc_a-memset.o)
                                 0x28 (size before relaxing)
 .eh_frame      0x10002504        0x0 /opt/devkitpro/devkitPPC/lib/gcc/powerpc-eabi/16.1.0/../../../../powerpc-eabi/lib/libc.a(libc_a-findfp.o)
                                0x1a0 (size before relaxing)
 .eh_frame      0x10002504       0x14 /opt/devkitpro/devkitPPC/lib/gcc/powerpc-eabi/16.1.0/../../../../powerpc-eabi/lib/libc.a(libc_a-strncpy.o)
                                 0x28 (size before relaxing)
 .eh_frame      0x10002518       0x14 /opt/devkitpro/devkitPPC/lib/gcc/powerpc-eabi/16.1.0/../../../../powerpc-eabi/lib/libc.a(libc_a-strcmp.o)
                                 0x28 (size before relaxing)
 .eh_frame      0x1000252c       0x58 /opt/devkitpro/devkitPPC/lib/gcc/powerpc-eabi/16.1.0/../../../../powerpc-eabi/lib/libc.a(libc_a-malloc.o)
                                 0x6c (size before relaxing)
 .eh_frame      0x10002584       0x34 /opt/devkitpro/devkitPPC/lib/gcc/powerpc-eabi/16.1.0/../../../../powerpc-eabi/lib/libc.a(libc_a-strrchr.o)
                                 0x48 (size before relaxing)
 .eh_frame      0x100025b8        0x0 /opt/devkitpro/devkitPPC/lib/gcc/powerpc-eabi/16.1.0/../../../../powerpc-eabi/lib/libc.a(libc_a-stdio.o)
                                 0xc8 (size before relaxing)
 .eh_frame      0x100025b8       0x28 /opt/devkitpro/devkitPPC/lib/gcc/powerpc-eabi/16.1.0/../../../../powerpc-eabi/lib/libc.a(libc_a-strdup.o)
                                 0x3c (size before relaxing)
 .eh_frame      0x100025e0       0x38 /opt/devkitpro/devkitPPC/lib/gcc/powerpc-eabi/16.1.0/../../../../powerpc-eabi/lib/libc.a(libc_a-reent.o)
                                 0x4c (size before relaxing)
 .eh_frame      0x10002618        0x0 /opt/devkitpro/devkitPPC/lib/gcc/powerpc-eabi/16.1.0/../../../../powerpc-eabi/lib/libc.a(libc_a-fclose.o)
                                 0x84 (size before relaxing)
 .eh_frame      0x10002618       0xb8 /opt/devkitpro/devkitPPC/lib/gcc/powerpc-eabi/16.1.0/../../../../powerpc-eabi/lib/libc.a(libc_a-svfprintf.o)
                                 0xcc (size before relaxing)
 .eh_frame      0x100026d0       0x14 /opt/devkitpro/devkitPPC/lib/gcc/powerpc-eabi/16.1.0/../../../../powerpc-eabi/lib/libc.a(libc_a-strnlen.o)
                                 0x28 (size before relaxing)
 .eh_frame      0x100026e4       0x14 /opt/devkitpro/devkitPPC/lib/gcc/powerpc-eabi/16.1.0/../../../../powerpc-eabi/lib/libc.a(libc_a-strncmp.o)
                                 0x28 (size before relaxing)
 .eh_frame      0x100026f8       0x18 /opt/devkitpro/devkitPPC/lib/gcc/powerpc-eabi/16.1.0/../../../../powerpc-eabi/lib/libc.a(libm_a-s_frexp.o)
                                 0x2c (size before relaxing)
 .eh_frame      0x10002710       0x2c /opt/devkitpro/devkitPPC/lib/gcc/powerpc-eabi/16.1.0/../../../../powerpc-eabi/lib/libc.a(libc_a-strdup_r.o)
                                 0x40 (size before relaxing)
 .eh_frame      0x1000273c        0x0 /opt/devkitpro/devkitPPC/lib/gcc/powerpc-eabi/16.1.0/../../../../powerpc-eabi/lib/libc.a(libc_a-fwalk.o)
                                 0x48 (size before relaxing)
 .eh_frame      0x1000273c       0x3c /opt/devkitpro/devkitPPC/lib/gcc/powerpc-eabi/16.1.0/../../../../powerpc-eabi/lib/libc.a(libc_a-wcrtomb.o)
                                 0x90 (size before relaxing)
 .eh_frame      0x10002778        0x0 /opt/devkitpro/devkitPPC/lib/gcc/powerpc-eabi/16.1.0/../../../../powerpc-eabi/lib/libc.a(libc_a-svfiprintf.o)
                                 0xcc (size before relaxing)
 .eh_frame      0x10002778       0x14 /opt/devkitpro/devkitPPC/lib/gcc/powerpc-eabi/16.1.0/../../../../powerpc-eabi/lib/libc.a(libc_a-memchr.o)
                                 0x28 (size before relaxing)
 .eh_frame      0x1000278c       0x5c /opt/devkitpro/devkitPPC/lib/gcc/powerpc-eabi/16.1.0/../../../../powerpc-eabi/lib/libc.a(libc_a-ssprint_r.o)
                                 0x70 (size before relaxing)
 .eh_frame      0x100027e8       0x28 /opt/devkitpro/devkitPPC/lib/gcc/powerpc-eabi/16.1.0/../../../../powerpc-eabi/lib/libc.a(libc_a-locale.o)
                                0x26c (size before relaxing)
 .eh_frame      0x10002810        0x0 /opt/devkitpro/devkitPPC/lib/gcc/powerpc-eabi/16.1.0/../../../../powerpc-eabi/lib/libc.a(libc_a-fflush.o)
                                0x11c (size before relaxing)
 .eh_frame      0x10002810      0x170 /opt/devkitpro/devkitPPC/lib/gcc/powerpc-eabi/16.1.0/../../../../powerpc-eabi/lib/libc.a(libc_a-dtoa.o)
                                0x184 (size before relaxing)
 .eh_frame      0x10002980        0x0 /opt/devkitpro/devkitPPC/lib/gcc/powerpc-eabi/16.1.0/../../../../powerpc-eabi/lib/libc.a(libc_a-strtol.o)
                                 0xe8 (size before relaxing)
 .eh_frame      0x10002980       0x14 /opt/devkitpro/devkitPPC/lib/gcc/powerpc-eabi/16.1.0/../../../../powerpc-eabi/lib/libc.a(libc_a-wcsrtombs.o)
                                 0x5c (size before relaxing)
 .eh_frame      0x10002994        0x0 /opt/devkitpro/devkitPPC/lib/gcc/powerpc-eabi/16.1.0/../../../../powerpc-eabi/lib/libc.a(libc_a-getenv_r.o)
                                 0x90 (size before relaxing)
 .eh_frame      0x10002994       0x28 /opt/devkitpro/devkitPPC/lib/gcc/powerpc-eabi/16.1.0/../../../../powerpc-eabi/lib/libc.a(libc_a-localeconv.o)
                                 0x78 (size before relaxing)
 .eh_frame      0x100029bc       0x30 /opt/devkitpro/devkitPPC/lib/gcc/powerpc-eabi/16.1.0/../../../../powerpc-eabi/lib/libc.a(libc_a-ssputs_r.o)
                                 0x44 (size before relaxing)
 .eh_frame      0x100029ec       0x14 /opt/devkitpro/devkitPPC/lib/gcc/powerpc-eabi/16.1.0/../../../../powerpc-eabi/lib/libc.a(libc_a-wctomb_r.o)
                                 0xb8 (size before relaxing)
 .eh_frame      0x10002a00       0x9c /opt/devkitpro/devkitPPC/lib/gcc/powerpc-eabi/16.1.0/../../../../powerpc-eabi/lib/libc.a(libc_a-wcsnrtombs.o)
                                 0xf4 (size before relaxing)
 .eh_frame      0x10002a9c        0x0 /opt/devkitpro/devkitPPC/lib/gcc/powerpc-eabi/16.1.0/../../../../powerpc-eabi/lib/libc.a(libc_a-ctype_.o)
                                 0x28 (size before relaxing)
 .eh_frame      0x10002a9c        0x0 /opt/devkitpro/devkitPPC/lib/gcc/powerpc-eabi/16.1.0/../../../../powerpc-eabi/lib/libc.a(libc_a-strcat.o)
                                 0x48 (size before relaxing)
 .eh_frame      0x10002a9c        0x0 /opt/devkitpro/devkitPPC/lib/gcc/powerpc-eabi/16.1.0/../../../../powerpc-eabi/lib/libc.a(libc_a-envlock.o)
                                 0x3c (size before relaxing)
 .eh_frame      0x10002a9c      0x254 /opt/devkitpro/devkitPPC/lib/gcc/powerpc-eabi/16.1.0/../../../../powerpc-eabi/lib/libc.a(libc_a-mprec.o)
                                0x3a4 (size before relaxing)
 .eh_frame      0x10002cf0        0x0 /opt/devkitpro/devkitPPC/lib/gcc/powerpc-eabi/16.1.0/../../../../powerpc-eabi/lib/libc.a(libc_a-strlcpy.o)
                                 0x28 (size before relaxing)
 .eh_frame      0x10002cf0        0x0 /opt/devkitpro/devkitPPC/lib/gcc/powerpc-eabi/16.1.0/../../../../powerpc-eabi/lib/libc.a(libc_a-strcasecmp.o)
                                 0x28 (size before relaxing)
 .eh_frame      0x10002cf0       0x38 /opt/devkitpro/devkitPPC/lib/gcc/powerpc-eabi/16.1.0/../../../../powerpc-eabi/lib/libc.a(libc_a-mbtowc_r.o)
                                0x1a4 (size before relaxing)
 .eh_frame      0x10002d28        0x0 /opt/devkitpro/devkitPPC/lib/gcc/powerpc-eabi/16.1.0/../../../../powerpc-eabi/lib/libc.a(libc_a-strncasecmp.o)
                                 0x28 (size before relaxing)
 .eh_frame      0x10002d28       0x14 /opt/devkitpro/devkitPPC/lib/gcc/powerpc-eabi/16.1.0/../../../../powerpc-eabi/lib/libc.a(libc_a-memmove.o)
                                 0x28 (size before relaxing)
 .eh_frame      0x10002d3c        0x0 /opt/devkitpro/devkitPPC/lib/gcc/powerpc-eabi/16.1.0/../../../../powerpc-eabi/lib/libsysbase.a(libsysbase_libsysbase_a-flock.o)
                                 0x78 (size before relaxing)
 .eh_frame      0x10002d3c        0x0 /opt/devkitpro/devkitPPC/lib/gcc/powerpc-eabi/16.1.0/../../../../powerpc-eabi/lib/libsysbase.a(libsysbase_libsysbase_a-lseek.o)
                                 0x5c (size before relaxing)
 .eh_frame      0x10002d3c        0x0 /opt/devkitpro/devkitPPC/lib/gcc/powerpc-eabi/16.1.0/../../../../powerpc-eabi/lib/libsysbase.a(libsysbase_libsysbase_a-read.o)
                                 0x58 (size before relaxing)
 .eh_frame      0x10002d3c        0x0 /opt/devkitpro/devkitPPC/lib/gcc/powerpc-eabi/16.1.0/../../../../powerpc-eabi/lib/libsysbase.a(libsysbase_libsysbase_a-write.o)
                                 0x58 (size before relaxing)
 .eh_frame      0x10002d3c       0x2c /opt/devkitpro/devkitPPC/lib/gcc/powerpc-eabi/16.1.0/libgcc.a(_umoddi3.o)
                                 0x40 (size before relaxing)
 .eh_frame      0x10002d68       0x7c /opt/devkitpro/devkitPPC/lib/gcc/powerpc-eabi/16.1.0/libgcc.a(crtresxgpr.o)
 .eh_frame      0x10002de4        0x0 /opt/devkitpro/devkitPPC/lib/gcc/powerpc-eabi/16.1.0/crtend.o
                                  0x4 (size before relaxing)
 .eh_frame      0x10002de4        0x4 /opt/devkitpro/devkitPPC/lib/gcc/powerpc-eabi/16.1.0/ecrtn.o
                0x10002de4                __EH_FRAME_END__
 *(.eh_frame.*)

.data           0x10002de8     0x1998
 *(.data .data.* .gnu.linkonce.d.*)
 .data._ZL23sConfigPluginIdentifier
                0x10002de8        0x4 /opt/devkitpro/wups/lib/libwups.a(config_api.o)
 .data._ZL17sConfigAPIVersion
                0x10002dec        0x4 /opt/devkitpro/wups/lib/libwups.a(config_api.o)
 .data.__wut_socket_devoptab
                0x10002df0       0x80 /opt/devkitpro/wut/lib/libwut.a(wut_socket_common.o)
 .data._current_working_directory
                0x10002e70      0x400 /opt/devkitpro/devkitPPC/lib/gcc/powerpc-eabi/16.1.0/../../../../powerpc-eabi/lib/libsysbase.a(libsysbase_libsysbase_a-chdir.o)
 .data.handles  0x10003270     0x1000 /opt/devkitpro/devkitPPC/lib/gcc/powerpc-eabi/16.1.0/../../../../powerpc-eabi/lib/libsysbase.a(libsysbase_libsysbase_a-handle_manager.o)
 .data.__stderr_handle
                0x10004270        0xc /opt/devkitpro/devkitPPC/lib/gcc/powerpc-eabi/16.1.0/../../../../powerpc-eabi/lib/libsysbase.a(libsysbase_libsysbase_a-handle_manager.o)
 .data.__stdout_handle
                0x1000427c        0xc /opt/devkitpro/devkitPPC/lib/gcc/powerpc-eabi/16.1.0/../../../../powerpc-eabi/lib/libsysbase.a(libsysbase_libsysbase_a-handle_manager.o)
 .data.__stdin_handle
                0x10004288        0xc /opt/devkitpro/devkitPPC/lib/gcc/powerpc-eabi/16.1.0/../../../../powerpc-eabi/lib/libsysbase.a(libsysbase_libsysbase_a-handle_manager.o)
 .data.devoptab_list
                0x10004294       0x8c /opt/devkitpro/devkitPPC/lib/gcc/powerpc-eabi/16.1.0/../../../../powerpc-eabi/lib/libsysbase.a(libsysbase_libsysbase_a-iosupport.o)
                0x10004294                devoptab_list
 .data.defaultDevice
                0x10004320        0x4 /opt/devkitpro/devkitPPC/lib/gcc/powerpc-eabi/16.1.0/../../../../powerpc-eabi/lib/libsysbase.a(libsysbase_libsysbase_a-iosupport.o)
 *fill*         0x10004324        0x4 
 .data._impure_data
                0x10004328      0x200 /opt/devkitpro/devkitPPC/lib/gcc/powerpc-eabi/16.1.0/../../../../powerpc-eabi/lib/libc.a(libc_a-impure.o)
                0x10004328                _impure_data
 .data.__global_locale
                0x10004528      0x254 /opt/devkitpro/devkitPPC/lib/gcc/powerpc-eabi/16.1.0/../../../../powerpc-eabi/lib/libc.a(libc_a-locale.o)
                0x10004528                __global_locale
 *(.data1)
 *(.sdata .sdata.* .gnu.linkonce.s.*)
 .sdata         0x1000477c        0x0 /opt/devkitpro/devkitPPC/lib/gcc/powerpc-eabi/16.1.0/crtbegin.o
                0x1000c77c                _SDA_BASE_
 .sdata         0x1000477c        0x4 /opt/devkitpro/devkitPPC/lib/gcc/powerpc-eabi/16.1.0/../../../../powerpc-eabi/lib/libc.a(libc_a-impure.o)
                0x1000477c                _impure_ptr

.bss            0x10004780    0x110b0
 *(.dynsbss)
 *(.sbss .sbss.* .gnu.linkonce.sb.*)
 .sbss.__wut_exit
                0x10004780        0x4 /opt/devkitpro/wut/lib/libwut.a(wut_newlib.o)
                0x10004780                __wut_exit
 *(.scommon)
 *(.dynbss)
 *(.bss .bss.* .gnu.linkonce.b.*)
 .bss.completed.2
                0x10004784        0x1 /opt/devkitpro/devkitPPC/lib/gcc/powerpc-eabi/16.1.0/crtbegin.o
 *fill*         0x10004785        0x3 
 .bss.dtor_idx.1
                0x10004788        0x4 /opt/devkitpro/devkitPPC/lib/gcc/powerpc-eabi/16.1.0/crtbegin.o
 .bss.object.0  0x1000478c       0x18 /opt/devkitpro/devkitPPC/lib/gcc/powerpc-eabi/16.1.0/crtbegin.o
 *fill*         0x100047a4       0x1c 
 .bss           0x100047c0    0x106c0 main.o
 .bss._ZL20__internal_functions
                0x10014e80       0x38 /opt/devkitpro/wups/lib/libwups.a(button_combo.o)
 .bss._ZL18sConfigLibInitDone
                0x10014eb8        0x1 /opt/devkitpro/wups/lib/libwups.a(config_api.o)
 *fill*         0x10014eb9        0x3 
 .bss._ZL17sAPIMenuGetStatus
                0x10014ebc        0x4 /opt/devkitpro/wups/lib/libwups.a(config_api.o)
 .bss._ZL15sAPIItemDestroy
                0x10014ec0        0x4 /opt/devkitpro/wups/lib/libwups.a(config_api.o)
 .bss._ZL16sAPIItemCreateEx
                0x10014ec4        0x4 /opt/devkitpro/wups/lib/libwups.a(config_api.o)
 .bss._ZL19sAPICategoryAddItem
                0x10014ec8        0x4 /opt/devkitpro/wups/lib/libwups.a(config_api.o)
 .bss._ZL23sAPICategoryAddCategory
                0x10014ecc        0x4 /opt/devkitpro/wups/lib/libwups.a(config_api.o)
 .bss._ZL19sAPICategoryDestroy
                0x10014ed0        0x4 /opt/devkitpro/wups/lib/libwups.a(config_api.o)
 .bss._ZL20sAPICategoryCreateEx
                0x10014ed4        0x4 /opt/devkitpro/wups/lib/libwups.a(config_api.o)
 .bss._ZL10sAPIInitEx
                0x10014ed8        0x4 /opt/devkitpro/wups/lib/libwups.a(config_api.o)
 .bss._ZL14sAPIGetVersion
                0x10014edc        0x4 /opt/devkitpro/wups/lib/libwups.a(config_api.o)
 .bss._ZL13sModuleHandle
                0x10014ee0        0x4 /opt/devkitpro/wups/lib/libwups.a(config_api.o)
 .bss._ZL27__wut_socket_devoptab_added
                0x10014ee4        0x4 /opt/devkitpro/wups/lib/libwups.a(main.o)
 .bss._ZL20__internal_functions
                0x10014ee8        0x8 /opt/devkitpro/wups/lib/libwups.a(wups_reent.o)
 .bss.sHeapSize
                0x10014ef0        0x4 /opt/devkitpro/wut/lib/libwut.a(wut_sbrk.o)
 .bss.sHeapMaxSize
                0x10014ef4        0x4 /opt/devkitpro/wut/lib/libwut.a(wut_sbrk.o)
 .bss.sHeapBase
                0x10014ef8        0x4 /opt/devkitpro/wut/lib/libwut.a(wut_sbrk.o)
 .bss.sHeapHandle
                0x10014efc        0x4 /opt/devkitpro/wut/lib/libwut.a(wut_sbrk.o)
 .bss.sMallocSpinLock
                0x10014f00       0x10 /opt/devkitpro/wut/lib/libwut.a(wut_thread.o)
 .bss.sSyncSpinLock
                0x10014f10       0x10 /opt/devkitpro/wut/lib/libwut.a(wut_thread.o)
 .bss.__wut_fsa_device_data
                0x10014f20      0x3b8 /opt/devkitpro/wut/lib/libwut.a(devoptab_fsa.o)
                0x10014f20                __wut_fsa_device_data
 .bss.temp_cwd  0x100152d8      0x400 /opt/devkitpro/devkitPPC/lib/gcc/powerpc-eabi/16.1.0/../../../../powerpc-eabi/lib/libsysbase.a(libsysbase_libsysbase_a-chdir.o)
 .bss.__hndl_lock
                0x100156d8        0x4 /opt/devkitpro/devkitPPC/lib/gcc/powerpc-eabi/16.1.0/../../../../powerpc-eabi/lib/libsysbase.a(libsysbase_libsysbase_a-handle_manager.o)
 *fill*         0x100156dc        0x4 
 .bss.__sf      0x100156e0      0x150 /opt/devkitpro/devkitPPC/lib/gcc/powerpc-eabi/16.1.0/../../../../powerpc-eabi/lib/libc.a(libc_a-findfp.o)
                0x100156e0                __sf
 *(COMMON)

.iplt           0x10015830        0x0
 .iplt          0x10015830        0x0 /opt/devkitpro/devkitPPC/lib/gcc/powerpc-eabi/16.1.0/crtbegin.o
                0xc0000000                        . = ORIGIN (loadmem)

.wut_load_bounds
                0xc0000000        0x4
                0xc0000000        0x4 LONG 0x0

.fexports
 *(.fexports)

.dexports
 *(.dexports)

.fimport_avm
 *(.fimport_avm)
 *(.fimport_avm.*)

.fimport_camera
 *(.fimport_camera)
 *(.fimport_camera.*)

.fimport_coreinit
                0xc0000020      0x198
 *(.fimport_coreinit)
 .fimport_coreinit
                0xc0000020       0x18 /opt/devkitpro/wut/lib/libwut.a(coreinit.o)
 *(.fimport_coreinit.*)
 .fimport_coreinit.FSAAddClient
                0xc0000038        0x8 /opt/devkitpro/wut/lib/libwut.a(coreinit.o)
                0xc0000038                FSAAddClient
 .fimport_coreinit.FSAChangeDir
                0xc0000040        0x8 /opt/devkitpro/wut/lib/libwut.a(coreinit.o)
                0xc0000040                FSAChangeDir
 .fimport_coreinit.FSAChangeMode
                0xc0000048        0x8 /opt/devkitpro/wut/lib/libwut.a(coreinit.o)
                0xc0000048                FSAChangeMode
 .fimport_coreinit.FSACloseDir
                0xc0000050        0x8 /opt/devkitpro/wut/lib/libwut.a(coreinit.o)
                0xc0000050                FSACloseDir
 .fimport_coreinit.FSACloseFile
                0xc0000058        0x8 /opt/devkitpro/wut/lib/libwut.a(coreinit.o)
                0xc0000058                FSACloseFile
 .fimport_coreinit.FSADelClient
                0xc0000060        0x8 /opt/devkitpro/wut/lib/libwut.a(coreinit.o)
                0xc0000060                FSADelClient
 .fimport_coreinit.FSAFlushFile
                0xc0000068        0x8 /opt/devkitpro/wut/lib/libwut.a(coreinit.o)
                0xc0000068                FSAFlushFile
 .fimport_coreinit.FSAGetDeviceInfo
                0xc0000070        0x8 /opt/devkitpro/wut/lib/libwut.a(coreinit.o)
                0xc0000070                FSAGetDeviceInfo
 .fimport_coreinit.FSAGetFreeSpaceSize
                0xc0000078        0x8 /opt/devkitpro/wut/lib/libwut.a(coreinit.o)
                0xc0000078                FSAGetFreeSpaceSize
 .fimport_coreinit.FSAGetStat
                0xc0000080        0x8 /opt/devkitpro/wut/lib/libwut.a(coreinit.o)
                0xc0000080                FSAGetStat
 .fimport_coreinit.FSAGetStatFile
                0xc0000088        0x8 /opt/devkitpro/wut/lib/libwut.a(coreinit.o)
                0xc0000088                FSAGetStatFile
 .fimport_coreinit.FSAInit
                0xc0000090        0x8 /opt/devkitpro/wut/lib/libwut.a(coreinit.o)
                0xc0000090                FSAInit
 .fimport_coreinit.FSAMakeDir
                0xc0000098        0x8 /opt/devkitpro/wut/lib/libwut.a(coreinit.o)
                0xc0000098                FSAMakeDir
 .fimport_coreinit.FSAMount
                0xc00000a0        0x8 /opt/devkitpro/wut/lib/libwut.a(coreinit.o)
                0xc00000a0                FSAMount
 .fimport_coreinit.FSAOpenDir
                0xc00000a8        0x8 /opt/devkitpro/wut/lib/libwut.a(coreinit.o)
                0xc00000a8                FSAOpenDir
 .fimport_coreinit.FSAOpenFileEx
                0xc00000b0        0x8 /opt/devkitpro/wut/lib/libwut.a(coreinit.o)
                0xc00000b0                FSAOpenFileEx
 .fimport_coreinit.FSAReadDir
                0xc00000b8        0x8 /opt/devkitpro/wut/lib/libwut.a(coreinit.o)
                0xc00000b8                FSAReadDir
 .fimport_coreinit.FSAReadFile
                0xc00000c0        0x8 /opt/devkitpro/wut/lib/libwut.a(coreinit.o)
                0xc00000c0                FSAReadFile
 .fimport_coreinit.FSARemove
                0xc00000c8        0x8 /opt/devkitpro/wut/lib/libwut.a(coreinit.o)
                0xc00000c8                FSARemove
 .fimport_coreinit.FSARename
                0xc00000d0        0x8 /opt/devkitpro/wut/lib/libwut.a(coreinit.o)
                0xc00000d0                FSARename
 .fimport_coreinit.FSARewindDir
                0xc00000d8        0x8 /opt/devkitpro/wut/lib/libwut.a(coreinit.o)
                0xc00000d8                FSARewindDir
 .fimport_coreinit.FSASetPosFile
                0xc00000e0        0x8 /opt/devkitpro/wut/lib/libwut.a(coreinit.o)
                0xc00000e0                FSASetPosFile
 .fimport_coreinit.FSATruncateFile
                0xc00000e8        0x8 /opt/devkitpro/wut/lib/libwut.a(coreinit.o)
                0xc00000e8                FSATruncateFile
 .fimport_coreinit.FSAUnmount
                0xc00000f0        0x8 /opt/devkitpro/wut/lib/libwut.a(coreinit.o)
                0xc00000f0                FSAUnmount
 .fimport_coreinit.FSAWriteFile
                0xc00000f8        0x8 /opt/devkitpro/wut/lib/libwut.a(coreinit.o)
                0xc00000f8                FSAWriteFile
 .fimport_coreinit.MEMFreeToExpHeap
                0xc0000100        0x8 /opt/devkitpro/wut/lib/libwut.a(coreinit.o)
                0xc0000100                MEMFreeToExpHeap
 .fimport_coreinit.MEMGetSizeForMBlockExpHeap
                0xc0000108        0x8 /opt/devkitpro/wut/lib/libwut.a(coreinit.o)
                0xc0000108                MEMGetSizeForMBlockExpHeap
 .fimport_coreinit.OSCreateThread
                0xc0000110        0x8 /opt/devkitpro/wut/lib/libwut.a(coreinit.o)
                0xc0000110                OSCreateThread
 .fimport_coreinit.OSDynLoad_Acquire
                0xc0000118        0x8 /opt/devkitpro/wut/lib/libwut.a(coreinit.o)
                0xc0000118                OSDynLoad_Acquire
 .fimport_coreinit.OSDynLoad_FindExport
                0xc0000120        0x8 /opt/devkitpro/wut/lib/libwut.a(coreinit.o)
                0xc0000120                OSDynLoad_FindExport
 .fimport_coreinit.OSFastMutex_Init
                0xc0000128        0x8 /opt/devkitpro/wut/lib/libwut.a(coreinit.o)
                0xc0000128                OSFastMutex_Init
 .fimport_coreinit.OSFastMutex_Lock
                0xc0000130        0x8 /opt/devkitpro/wut/lib/libwut.a(coreinit.o)
                0xc0000130                OSFastMutex_Lock
 .fimport_coreinit.OSFastMutex_Unlock
                0xc0000138        0x8 /opt/devkitpro/wut/lib/libwut.a(coreinit.o)
                0xc0000138                OSFastMutex_Unlock
 .fimport_coreinit.OSFatal
                0xc0000140        0x8 /opt/devkitpro/wut/lib/libwut.a(coreinit.o)
                0xc0000140                OSFatal
 .fimport_coreinit.OSGetCurrentThread
                0xc0000148        0x8 /opt/devkitpro/wut/lib/libwut.a(coreinit.o)
                0xc0000148                OSGetCurrentThread
 .fimport_coreinit.OSGetSystemInfo
                0xc0000150        0x8 /opt/devkitpro/wut/lib/libwut.a(coreinit.o)
                0xc0000150                OSGetSystemInfo
 .fimport_coreinit.OSGetTitleID
                0xc0000158        0x8 /opt/devkitpro/wut/lib/libwut.a(coreinit.o)
                0xc0000158                OSGetTitleID
 .fimport_coreinit.OSInitMutexEx
                0xc0000160        0x8 /opt/devkitpro/wut/lib/libwut.a(coreinit.o)
                0xc0000160                OSInitMutexEx
 .fimport_coreinit.OSInitSpinLock
                0xc0000168        0x8 /opt/devkitpro/wut/lib/libwut.a(coreinit.o)
                0xc0000168                OSInitSpinLock
 .fimport_coreinit.OSLockMutex
                0xc0000170        0x8 /opt/devkitpro/wut/lib/libwut.a(coreinit.o)
                0xc0000170                OSLockMutex
 .fimport_coreinit.OSReport
                0xc0000178        0x8 /opt/devkitpro/wut/lib/libwut.a(coreinit.o)
                0xc0000178                OSReport
 .fimport_coreinit.OSResumeThread
                0xc0000180        0x8 /opt/devkitpro/wut/lib/libwut.a(coreinit.o)
                0xc0000180                OSResumeThread
 .fimport_coreinit.OSSetThreadName
                0xc0000188        0x8 /opt/devkitpro/wut/lib/libwut.a(coreinit.o)
                0xc0000188                OSSetThreadName
 .fimport_coreinit.OSSleepTicks
                0xc0000190        0x8 /opt/devkitpro/wut/lib/libwut.a(coreinit.o)
                0xc0000190                OSSleepTicks
 .fimport_coreinit.OSUninterruptibleSpinLock_Acquire
                0xc0000198        0x8 /opt/devkitpro/wut/lib/libwut.a(coreinit.o)
                0xc0000198                OSUninterruptibleSpinLock_Acquire
 .fimport_coreinit.OSUninterruptibleSpinLock_Release
                0xc00001a0        0x8 /opt/devkitpro/wut/lib/libwut.a(coreinit.o)
                0xc00001a0                OSUninterruptibleSpinLock_Release
 .fimport_coreinit.OSUnlockMutex
                0xc00001a8        0x8 /opt/devkitpro/wut/lib/libwut.a(coreinit.o)
                0xc00001a8                OSUnlockMutex
 .fimport_coreinit.__rplwrap_exit
                0xc00001b0        0x8 /opt/devkitpro/wut/lib/libwut.a(coreinit.o)
                0xc00001b0                __rplwrap_exit

.fimport_dc
 *(.fimport_dc)
 *(.fimport_dc.*)

.fimport_dmae
 *(.fimport_dmae)
 *(.fimport_dmae.*)

.fimport_drmapp
 *(.fimport_drmapp)
 *(.fimport_drmapp.*)

.fimport_erreula
 *(.fimport_erreula)
 *(.fimport_erreula.*)

.fimport_gx2
 *(.fimport_gx2)
 *(.fimport_gx2.*)

.fimport_h264
 *(.fimport_h264)
 *(.fimport_h264.*)

.fimport_lzma920
 *(.fimport_lzma920)
 *(.fimport_lzma920.*)

.fimport_mic
 *(.fimport_mic)
 *(.fimport_mic.*)

.fimport_nfc
 *(.fimport_nfc)
 *(.fimport_nfc.*)

.fimport_nio_prof
 *(.fimport_nio_prof)
 *(.fimport_nio_prof.*)

.fimport_nlibcurl
 *(.fimport_nlibcurl)
 *(.fimport_nlibcurl.*)

.fimport_nlibnss2
 *(.fimport_nlibnss2)
 *(.fimport_nlibnss2.*)

.fimport_nlibnss
 *(.fimport_nlibnss)
 *(.fimport_nlibnss.*)

.fimport_nn_ac  0xc00001c0       0x10
 *(.fimport_nn_ac)
 .fimport_nn_ac
                0xc00001c0       0x10 /opt/devkitpro/wut/lib/libwut.a(nn_ac.o)
 *(.fimport_nn_ac.*)

.fimport_nn_acp
 *(.fimport_nn_acp)
 *(.fimport_nn_acp.*)

.fimport_nn_act
                0xc00001d0       0x48
 *(.fimport_nn_act)
 .fimport_nn_act
                0xc00001d0       0x10 /opt/devkitpro/wut/lib/libwut.a(nn_act.o)
 *(.fimport_nn_act.*)
 .fimport_nn_act.Finalize__Q2_2nn3actFv
                0xc00001e0        0x8 /opt/devkitpro/wut/lib/libwut.a(nn_act.o)
                0xc00001e0                Finalize__Q2_2nn3actFv
 .fimport_nn_act.GetAccountId__Q2_2nn3actFPc
                0xc00001e8        0x8 /opt/devkitpro/wut/lib/libwut.a(nn_act.o)
                0xc00001e8                GetAccountId__Q2_2nn3actFPc
 .fimport_nn_act.GetMii__Q2_2nn3actFP12FFLStoreData
                0xc00001f0        0x8 /opt/devkitpro/wut/lib/libwut.a(nn_act.o)
                0xc00001f0                GetMii__Q2_2nn3actFP12FFLStoreData
 .fimport_nn_act.GetPersistentId__Q2_2nn3actFv
                0xc00001f8        0x8 /opt/devkitpro/wut/lib/libwut.a(nn_act.o)
                0xc00001f8                GetPersistentId__Q2_2nn3actFv
 .fimport_nn_act.GetPrincipalId__Q2_2nn3actFv
                0xc0000200        0x8 /opt/devkitpro/wut/lib/libwut.a(nn_act.o)
                0xc0000200                GetPrincipalId__Q2_2nn3actFv
 .fimport_nn_act.GetSlotNo__Q2_2nn3actFv
                0xc0000208        0x8 /opt/devkitpro/wut/lib/libwut.a(nn_act.o)
                0xc0000208                GetSlotNo__Q2_2nn3actFv
 .fimport_nn_act.Initialize__Q2_2nn3actFv
                0xc0000210        0x8 /opt/devkitpro/wut/lib/libwut.a(nn_act.o)
                0xc0000210                Initialize__Q2_2nn3actFv

.fimport_nn_aoc
 *(.fimport_nn_aoc)
 *(.fimport_nn_aoc.*)

.fimport_nn_boss
 *(.fimport_nn_boss)
 *(.fimport_nn_boss.*)

.fimport_nn_ccr
 *(.fimport_nn_ccr)
 *(.fimport_nn_ccr.*)

.fimport_nn_cmpt
 *(.fimport_nn_cmpt)
 *(.fimport_nn_cmpt.*)

.fimport_nn_dlp
 *(.fimport_nn_dlp)
 *(.fimport_nn_dlp.*)

.fimport_nn_ec
 *(.fimport_nn_ec)
 *(.fimport_nn_ec.*)

.fimport_nn_fp
 *(.fimport_nn_fp)
 *(.fimport_nn_fp.*)

.fimport_nn_hai
 *(.fimport_nn_hai)
 *(.fimport_nn_hai.*)

.fimport_nn_hpad
 *(.fimport_nn_hpad)
 *(.fimport_nn_hpad.*)

.fimport_nn_idbe
 *(.fimport_nn_idbe)
 *(.fimport_nn_idbe.*)

.fimport_nn_ndm
 *(.fimport_nn_ndm)
 *(.fimport_nn_ndm.*)

.fimport_nn_nets2
 *(.fimport_nn_nets2)
 *(.fimport_nn_nets2.*)

.fimport_nn_nfp
 *(.fimport_nn_nfp)
 *(.fimport_nn_nfp.*)

.fimport_nn_nim
 *(.fimport_nn_nim)
 *(.fimport_nn_nim.*)

.fimport_nn_olv
 *(.fimport_nn_olv)
 *(.fimport_nn_olv.*)

.fimport_nn_pdm
 *(.fimport_nn_pdm)
 *(.fimport_nn_pdm.*)

.fimport_nn_save
 *(.fimport_nn_save)
 *(.fimport_nn_save.*)

.fimport_nn_sl
 *(.fimport_nn_sl)
 *(.fimport_nn_sl.*)

.fimport_nn_spm
 *(.fimport_nn_spm)
 *(.fimport_nn_spm.*)

.fimport_nn_temp
 *(.fimport_nn_temp)
 *(.fimport_nn_temp.*)

.fimport_nn_uds
 *(.fimport_nn_uds)
 *(.fimport_nn_uds.*)

.fimport_nn_vctl
 *(.fimport_nn_vctl)
 *(.fimport_nn_vctl.*)

.fimport_nsysccr
 *(.fimport_nsysccr)
 *(.fimport_nsysccr.*)

.fimport_nsyshid
 *(.fimport_nsyshid)
 *(.fimport_nsyshid.*)

.fimport_nsyskbd
 *(.fimport_nsyskbd)
 *(.fimport_nsyskbd.*)

.fimport_nsysnet
                0xc0000220       0x58
 *(.fimport_nsysnet)
 .fimport_nsysnet
                0xc0000220       0x10 /opt/devkitpro/wut/lib/libwut.a(nsysnet.o)
 *(.fimport_nsysnet.*)
 .fimport_nsysnet.htonl
                0xc0000230        0x8 /opt/devkitpro/wut/lib/libwut.a(nsysnet.o)
                0xc0000230                htonl
 .fimport_nsysnet.htons
                0xc0000238        0x8 /opt/devkitpro/wut/lib/libwut.a(nsysnet.o)
                0xc0000238                htons
 .fimport_nsysnet.socket_lib_init
                0xc0000240        0x8 /opt/devkitpro/wut/lib/libwut.a(nsysnet.o)
                0xc0000240                socket_lib_init
 .fimport_nsysnet.__rplwrap_connect
                0xc0000248        0x8 /opt/devkitpro/wut/lib/libwut.a(nsysnet.o)
                0xc0000248                __rplwrap_connect
 .fimport_nsysnet.__rplwrap_recv
                0xc0000250        0x8 /opt/devkitpro/wut/lib/libwut.a(nsysnet.o)
                0xc0000250                __rplwrap_recv
 .fimport_nsysnet.__rplwrap_send
                0xc0000258        0x8 /opt/devkitpro/wut/lib/libwut.a(nsysnet.o)
                0xc0000258                __rplwrap_send
 .fimport_nsysnet.__rplwrap_socket
                0xc0000260        0x8 /opt/devkitpro/wut/lib/libwut.a(nsysnet.o)
                0xc0000260                __rplwrap_socket
 .fimport_nsysnet.__rplwrap_socketclose
                0xc0000268        0x8 /opt/devkitpro/wut/lib/libwut.a(nsysnet.o)
                0xc0000268                __rplwrap_socketclose
 .fimport_nsysnet.__rplwrap_socketlasterr
                0xc0000270        0x8 /opt/devkitpro/wut/lib/libwut.a(nsysnet.o)
                0xc0000270                __rplwrap_socketlasterr

.fimport_nsysuhs
 *(.fimport_nsysuhs)
 *(.fimport_nsysuhs.*)

.fimport_nsysuvd
 *(.fimport_nsysuvd)
 *(.fimport_nsysuvd.*)

.fimport_ntag
 *(.fimport_ntag)
 *(.fimport_ntag.*)

.fimport_padscore
 *(.fimport_padscore)
 *(.fimport_padscore.*)

.fimport_proc_ui
 *(.fimport_proc_ui)
 *(.fimport_proc_ui.*)

.fimport_sndcore2
 *(.fimport_sndcore2)
 *(.fimport_sndcore2.*)

.fimport_snd_core
 *(.fimport_snd_core)
 *(.fimport_snd_core.*)

.fimport_snduser2
 *(.fimport_snduser2)
 *(.fimport_snduser2.*)

.fimport_snd_user
 *(.fimport_snd_user)
 *(.fimport_snd_user.*)

.fimport_swkbd
 *(.fimport_swkbd)
 *(.fimport_swkbd.*)

.fimport_sysapp
 *(.fimport_sysapp)
 *(.fimport_sysapp.*)

.fimport_tcl
 *(.fimport_tcl)
 *(.fimport_tcl.*)

.fimport_tve
 *(.fimport_tve)
 *(.fimport_tve.*)

.fimport_uac
 *(.fimport_uac)
 *(.fimport_uac.*)

.fimport_uac_rpl
 *(.fimport_uac_rpl)
 *(.fimport_uac_rpl.*)

.fimport_usb_mic
 *(.fimport_usb_mic)
 *(.fimport_usb_mic.*)

.fimport_uvc
 *(.fimport_uvc)
 *(.fimport_uvc.*)

.fimport_uvd
 *(.fimport_uvd)
 *(.fimport_uvd.*)

.fimport_vpadbase
 *(.fimport_vpadbase)
 *(.fimport_vpadbase.*)

.fimport_vpad
 *(.fimport_vpad)
 *(.fimport_vpad.*)

.dimport_coreinit
                0xc0000280       0x30
 *(.dimport_coreinit)
 .dimport_coreinit
                0xc0000280       0x18 /opt/devkitpro/wut/lib/libwut.a(coreinit.o)
 *(.dimport_coreinit.*)
 .dimport_coreinit.MEMAllocFromDefaultHeap
                0xc0000298        0x8 /opt/devkitpro/wut/lib/libwut.a(coreinit.o)
                0xc0000298                MEMAllocFromDefaultHeap
 .dimport_coreinit.MEMAllocFromDefaultHeapEx
                0xc00002a0        0x8 /opt/devkitpro/wut/lib/libwut.a(coreinit.o)
                0xc00002a0                MEMAllocFromDefaultHeapEx
 .dimport_coreinit.MEMFreeToDefaultHeap
                0xc00002a8        0x8 /opt/devkitpro/wut/lib/libwut.a(coreinit.o)
                0xc00002a8                MEMFreeToDefaultHeap

.dimport_nn_act
                0xc00002b0       0x10
 *(.dimport_nn_act)
 .dimport_nn_act
                0xc00002b0       0x10 /opt/devkitpro/wut/lib/libwut.a(nn_act.o)
 *(.dimport_nn_act.*)

.dimport_nn_boss
 *(.dimport_nn_boss)
 *(.dimport_nn_boss.*)

.dimport_nn_ec
 *(.dimport_nn_ec)
 *(.dimport_nn_ec.*)

.dimport_nn_nim
 *(.dimport_nn_nim)
 *(.dimport_nn_nim.*)

.dimport_nn_sl
 *(.dimport_nn_sl)
 *(.dimport_nn_sl.*)

.dimport_nn_uds
 *(.dimport_nn_uds)
 *(.dimport_nn_uds.*)

/DISCARD/
 *(.abs)
 *(.comment)
 *(.gnu.attributes)
 *(.gnu.version)
 *(.gnu.version_d)
 *(.gnu.version_r)
LOAD /opt/devkitpro/devkitPPC/lib/gcc/powerpc-eabi/16.1.0/ecrti.o
LOAD /opt/devkitpro/devkitPPC/lib/gcc/powerpc-eabi/16.1.0/crtbegin.o
LOAD main.o
LOAD /opt/devkitpro/wups/lib/libwups.a
LOAD /opt/devkitpro/wut/lib/libwut.a
LOAD /opt/devkitpro/devkitPPC/lib/gcc/powerpc-eabi/16.1.0/../../../../powerpc-eabi/lib/libstdc++.a
LOAD /opt/devkitpro/devkitPPC/lib/gcc/powerpc-eabi/16.1.0/../../../../powerpc-eabi/lib/libm.a
LOAD /opt/devkitpro/devkitPPC/lib/gcc/powerpc-eabi/16.1.0/libgcc.a
START GROUP
LOAD /opt/devkitpro/devkitPPC/lib/gcc/powerpc-eabi/16.1.0/../../../../powerpc-eabi/lib/libsysbase.a
LOAD /opt/devkitpro/devkitPPC/lib/gcc/powerpc-eabi/16.1.0/../../../../powerpc-eabi/lib/libc.a
END GROUP
LOAD /opt/devkitpro/devkitPPC/lib/gcc/powerpc-eabi/16.1.0/libgcc.a
LOAD /opt/devkitpro/devkitPPC/lib/gcc/powerpc-eabi/16.1.0/crtend.o
LOAD /opt/devkitpro/devkitPPC/lib/gcc/powerpc-eabi/16.1.0/ecrtn.o

.fimport_homebrew_wupsbackend
 *(.fimport_homebrew_wupsbackend)
 *(.fimport_homebrew_wupsbackend.*)

.dimport_homebrew_wupsbackend
 *(.dimport_homebrew_wupsbackend)
 *(.dimport_homebrew_wupsbackend.*)

.wups.meta      0x10015830      0x1bd
 *(.wups.meta*)
 .wups.meta     0x10015830      0x1bd main.o
                0x10015830                wups_meta_info_linking_order
                0x100158cc                wups_meta_license
                0x100158d8                wups_meta_author
                0x100158e8                wups_meta_version
                0x10015900                wups_meta_description
                0x10015944                wups_meta_info_dump
                0x10015990                wups_meta_plugin_name
                0x100159a4                wups_meta_buildtimestamp
                0x100159c8                wups_meta_wups
                0x100159d4                wups_meta_name
 *(.wups.meta*)

.wups.load
 *(.wups.load*)
 *(.wups.load*)

.wups.hooks     0x100159f0       0x88
 *(.wups.hooks*)
 .wups.hooks    0x100159f0       0x88 main.o
                0x100159f0                wups_hooks_on_app_starting
                0x100159f8                wups_hooks_on_fini_wut_devoptab
                0x10015a00                wups_hooks_on_init_wut_devoptab
                0x10015a08                wups_hooks_wups_init_reent_functions
                0x10015a10                wups_hooks_wups_init_button_combo_functions
                0x10015a18                wups_hooks_wups_init_config_functions
                0x10015a20                wups_hooks___fini_wrapper
                0x10015a28                wups_hooks___init_wrapper
                0x10015a30                wups_hooks_on_init_wut_thread
                0x10015a38                wups_hooks_on_fini_wut_stdcpp
                0x10015a40                wups_hooks_on_init_wut_stdcpp
                0x10015a48                wups_hooks_on_fini_wut_newlib
                0x10015a50                wups_hooks_on_init_wut_newlib
                0x10015a58                wups_hooks_on_fini_wut_sockets
                0x10015a60                wups_hooks_on_init_wut_sockets
                0x10015a68                wups_hooks_on_fini_wut_malloc
                0x10015a70                wups_hooks_on_init_wut_malloc
 *(.wups.hooks*)
OUTPUT(/project/WUTIdentityBridge.elf elf32-powerpc)

.rela.dyn       0x10015a78        0x0
 .rela.iplt     0x10015a78        0x0 /opt/devkitpro/devkitPPC/lib/gcc/powerpc-eabi/16.1.0/crtbegin.o
 .rela.text.__do_global_dtors_aux
                0x10015a78        0x0 /opt/devkitpro/devkitPPC/lib/gcc/powerpc-eabi/16.1.0/crtbegin.o
 .rela.text.frame_dummy
                0x10015a78        0x0 /opt/devkitpro/devkitPPC/lib/gcc/powerpc-eabi/16.1.0/crtbegin.o

.debug_info     0x00000000    0x5c458
 .debug_info    0x00000000     0x571b main.o
 .debug_info    0x0000571b     0x3ac8 /opt/devkitpro/wups/lib/libwups.a(button_combo.o)
 .debug_info    0x000091e3     0x46e4 /opt/devkitpro/wups/lib/libwups.a(config_api.o)
 .debug_info    0x0000d8c7     0x1136 /opt/devkitpro/wups/lib/libwups.a(main.o)
 .debug_info    0x0000e9fd     0x359d /opt/devkitpro/wups/lib/libwups.a(wups_reent.o)
 .debug_info    0x00011f9a      0xf42 /opt/devkitpro/wut/lib/libwut.a(wut_newlib.o)
 .debug_info    0x00012edc     0x14e7 /opt/devkitpro/wut/lib/libwut.a(wut_reent.o)
 .debug_info    0x000143c3      0xb66 /opt/devkitpro/wut/lib/libwut.a(wut_sbrk.o)
 .debug_info    0x00014f29     0x27e9 /opt/devkitpro/wut/lib/libwut.a(wut_thread.o)
 .debug_info    0x00017712      0x1fd /opt/devkitpro/wut/lib/libwut.a(wut_thread_specific.o)
 .debug_info    0x0001790f      0xdec /opt/devkitpro/wut/lib/libwut.a(wut_malloc.o)
 .debug_info    0x000186fb      0x8fc /opt/devkitpro/wut/lib/libwut.a(connect.o)
 .debug_info    0x00018ff7      0x8a8 /opt/devkitpro/wut/lib/libwut.a(recv.o)
 .debug_info    0x0001989f      0x8ae /opt/devkitpro/wut/lib/libwut.a(send.o)
 .debug_info    0x0001a14d      0x94d /opt/devkitpro/wut/lib/libwut.a(socket.o)
 .debug_info    0x0001aa9a     0x137b /opt/devkitpro/wut/lib/libwut.a(wut_socket_common.o)
 .debug_info    0x0001be15      0x7e8 /opt/devkitpro/wut/lib/libwut.a(wut_socket_open.o)
 .debug_info    0x0001c5fd      0x8a0 /opt/devkitpro/wut/lib/libwut.a(wut_socket_read.o)
 .debug_info    0x0001ce9d      0x8a6 /opt/devkitpro/wut/lib/libwut.a(wut_socket_write.o)
 .debug_info    0x0001d743     0x4391 /opt/devkitpro/wut/lib/libwut.a(devoptab_fsa.o)
 .debug_info    0x00021ad4     0x32f1 /opt/devkitpro/wut/lib/libwut.a(devoptab_fsa_dirclose.o)
 .debug_info    0x00024dc5     0x352d /opt/devkitpro/wut/lib/libwut.a(devoptab_fsa_dirnext.o)
 .debug_info    0x000282f2     0x34d8 /opt/devkitpro/wut/lib/libwut.a(devoptab_fsa_diropen.o)
 .debug_info    0x0002b7ca     0x32f1 /opt/devkitpro/wut/lib/libwut.a(devoptab_fsa_dirreset.o)
 .debug_info    0x0002eabb     0x3370 /opt/devkitpro/wut/lib/libwut.a(devoptab_fsa_fstat.o)
 .debug_info    0x00031e2b     0x3139 /opt/devkitpro/wut/lib/libwut.a(devoptab_fsa_fsync.o)
 .debug_info    0x00034f64     0x1cba /opt/devkitpro/wut/lib/libwut.a(devoptab_fsa_mkdir.o)
 .debug_info    0x00036c1e     0x36a3 /opt/devkitpro/wut/lib/libwut.a(devoptab_fsa_open.o)
 .debug_info    0x0003a2c1     0x3263 /opt/devkitpro/wut/lib/libwut.a(devoptab_fsa_read.o)